Archive member included because of file (symbol)

C:/Users/Emanuele/Documents/sloeber-workspace/reset/Release/arduino.ar(variant.cpp.o)
                              .\arduino-api\arduinoUART.cpp.o (Serial1)
C:/Users/Emanuele/Documents/sloeber-workspace/reset/Release/arduino.ar(CDC.cpp.o)
                              .\arduino-api\arduinoUART.cpp.o (Serial_::write(unsigned char))
C:/Users/Emanuele/Documents/sloeber-workspace/reset/Release/arduino.ar(USBCore.cpp.o)
                              .\sloeber.ino.cpp.o (USBDeviceClass::detach())
C:/Users/Emanuele/Documents/sloeber-workspace/reset/Release/arduino.ar(Print.cpp.o)
                              .\sloeber.ino.cpp.o (Print::println(char const*))
C:/Users/Emanuele/Documents/sloeber-workspace/reset/Release/arduino.ar(Reset.cpp.o)
                              C:/Users/Emanuele/Documents/sloeber-workspace/reset/Release/arduino.ar(CDC.cpp.o) (initiateReset)
C:/Users/Emanuele/Documents/sloeber-workspace/reset/Release/arduino.ar(SERCOM.cpp.o)
                              C:/Users/Emanuele/Documents/sloeber-workspace/reset/Release/arduino.ar(variant.cpp.o) (SERCOM::SERCOM(Sercom*))
C:/Users/Emanuele/Documents/sloeber-workspace/reset/Release/arduino.ar(Uart.cpp.o)
                              .\arduino-api\arduinoUART.cpp.o (Uart::begin(unsigned long))
C:/Users/Emanuele/Documents/sloeber-workspace/reset/Release/arduino.ar(abi.cpp.o)
                              C:/Users/Emanuele/Documents/sloeber-workspace/reset/Release/arduino.ar(USBCore.cpp.o) (__cxa_pure_virtual)
C:/Users/Emanuele/Documents/sloeber-workspace/reset/Release/arduino.ar(cortex_handlers.c.o)
                              (Reset_Handler)
C:/Users/Emanuele/Documents/sloeber-workspace/reset/Release/arduino.ar(delay.c.o)
                              .\arduino-api\arduinoUART.cpp.o (millis)
C:/Users/Emanuele/Documents/sloeber-workspace/reset/Release/arduino.ar(hooks.c.o)
                              C:/Users/Emanuele/Documents/sloeber-workspace/reset/Release/arduino.ar(delay.c.o) (yield)
C:/Users/Emanuele/Documents/sloeber-workspace/reset/Release/arduino.ar(main.cpp.o)
                              c:/program files/sloeber/arduinoplugin/packages/arduino/tools/arm-none-eabi-gcc/4.8.3-2014q1/bin/../lib/gcc/arm-none-eabi/4.8.3/../../../../arm-none-eabi/lib/armv6-m/crt0.o (main)
C:/Users/Emanuele/Documents/sloeber-workspace/reset/Release/arduino.ar(new.cpp.o)
                              C:/Users/Emanuele/Documents/sloeber-workspace/reset/Release/arduino.ar(USBCore.cpp.o) (operator new(unsigned int))
C:/Users/Emanuele/Documents/sloeber-workspace/reset/Release/arduino.ar(startup.c.o)
                              C:/Users/Emanuele/Documents/sloeber-workspace/reset/Release/arduino.ar(cortex_handlers.c.o) (SystemInit)
C:/Users/Emanuele/Documents/sloeber-workspace/reset/Release/arduino.ar(wiring.c.o)
                              C:/Users/Emanuele/Documents/sloeber-workspace/reset/Release/arduino.ar(main.cpp.o) (init)
C:/Users/Emanuele/Documents/sloeber-workspace/reset/Release/arduino.ar(wiring_analog.c.o)
                              .\sloeber.ino.cpp.o (analogReadResolution)
C:/Users/Emanuele/Documents/sloeber-workspace/reset/Release/arduino.ar(wiring_digital.c.o)
                              .\sloeber.ino.cpp.o (pinMode)
C:/Users/Emanuele/Documents/sloeber-workspace/reset/Release/arduino.ar(wiring_private.c.o)
                              C:/Users/Emanuele/Documents/sloeber-workspace/reset/Release/arduino.ar(Uart.cpp.o) (pinPeripheral)
C:/Users/Emanuele/Documents/sloeber-workspace/reset/Release/arduino.ar(PluggableUSB.cpp.o)
                              C:/Users/Emanuele/Documents/sloeber-workspace/reset/Release/arduino.ar(USBCore.cpp.o) (PluggableUSB_::getInterface(unsigned char*))
C:/Users/Emanuele/Documents/sloeber-workspace/reset/Release/arduino.ar(RingBuffer.cpp.o)
                              C:/Users/Emanuele/Documents/sloeber-workspace/reset/Release/arduino.ar(Uart.cpp.o) (RingBuffer::RingBuffer())
c:/program files/sloeber/arduinoplugin/packages/arduino/tools/arm-none-eabi-gcc/4.8.3-2014q1/bin/../lib/gcc/arm-none-eabi/4.8.3/../../../../arm-none-eabi/lib/armv6-m\libm.a(lib_a-s_fpclassify.o)
                              C:/Users/Emanuele/Documents/sloeber-workspace/reset/Release/arduino.ar(Print.cpp.o) (__fpclassifyd)
c:/program files/sloeber/arduinoplugin/packages/arduino/tools/arm-none-eabi-gcc/4.8.3-2014q1/bin/../lib/gcc/arm-none-eabi/4.8.3/armv6-m\libgcc.a(_thumb1_case_uqi.o)
                              .\arduinoLoRaWAN\arduinoLoRaWAN.cpp.o (__gnu_thumb1_case_uqi)
c:/program files/sloeber/arduinoplugin/packages/arduino/tools/arm-none-eabi-gcc/4.8.3-2014q1/bin/../lib/gcc/arm-none-eabi/4.8.3/armv6-m\libgcc.a(_udivsi3.o)
                              .\Adafruit_ASFcore\gclk.c.o (__aeabi_uidiv)
[...]
Memory Configuration

Name             Origin             Length             Attributes
FLASH            0x00002000         0x0003e000         xr
RAM              0x20000000         0x00008000         xrw
*default*        0x00000000         0xffffffff

Linker script and memory map

LOAD c:/program files/sloeber/arduinoplugin/packages/arduino/tools/arm-none-eabi-gcc/4.8.3-2014q1/bin/../lib/gcc/arm-none-eabi/4.8.3/armv6-m/crti.o
LOAD c:/program files/sloeber/arduinoplugin/packages/arduino/tools/arm-none-eabi-gcc/4.8.3-2014q1/bin/../lib/gcc/arm-none-eabi/4.8.3/armv6-m/crtbegin.o
LOAD c:/program files/sloeber/arduinoplugin/packages/arduino/tools/arm-none-eabi-gcc/4.8.3-2014q1/bin/../lib/gcc/arm-none-eabi/4.8.3/../../../../arm-none-eabi/lib/armv6-m/crt0.o
LOAD .\sloeber.ino.cpp.o
LOAD .\libraries\RTCZero\src\RTCZero.cpp.o
LOAD .\libraries\Adafruit_SleepyDog_Library\utility\WatchdogAVR.cpp.o
LOAD .\libraries\Adafruit_SleepyDog_Library\utility\WatchdogKinetisK.cpp.o
LOAD .\libraries\Adafruit_SleepyDog_Library\utility\WatchdogKinetisL.cpp.o
LOAD .\libraries\Adafruit_SleepyDog_Library\utility\WatchdogSAMD.cpp.o
LOAD .\libraries\Adafruit_SleepyDog_Library\Adafruit_SleepyDog.cpp.o
LOAD .\arduinoLoRaWAN\arduinoLoRaWAN.cpp.o
LOAD .\arduinoLoRaWAN\configLoRaWAN.cpp.o
LOAD .\arduino-api\arduinoUART.cpp.o
LOAD .\Adafruit_ASFcore\interrupt\interrupt_sam_nvic.c.o
LOAD .\Adafruit_ASFcore\gclk.c.o
LOAD .\Adafruit_ASFcore\i2s.c.o
LOAD .\Adafruit_ASFcore\pinmux.c.o
LOAD .\Adafruit_ASFcore\system.c.o
LOAD .\Adafruit_ASFcore\tc.c.o
LOAD .\Adafruit_ASFcore\tc_interrupt.c.o
LOAD .\Adafruit_ASFcore\wdt.c.o
START GROUP
LOAD C:\Program Files\sloeber\/arduinoPlugin/packages/arduino/tools/CMSIS/4.5.0/CMSIS/Lib/GCC/\libarm_cortexM0l_math.a
LOAD c:/program files/sloeber/arduinoplugin/packages/arduino/tools/arm-none-eabi-gcc/4.8.3-2014q1/bin/../lib/gcc/arm-none-eabi/4.8.3/../../../../arm-none-eabi/lib/armv6-m\libm.a
LOAD C:/Users/Emanuele/Documents/sloeber-workspace/reset/Release/arduino.ar
END GROUP
START GROUP
LOAD c:/program files/sloeber/arduinoplugin/packages/arduino/tools/arm-none-eabi-gcc/4.8.3-2014q1/bin/../lib/gcc/arm-none-eabi/4.8.3/armv6-m\libgcc.a
LOAD c:/program files/sloeber/arduinoplugin/packages/arduino/tools/arm-none-eabi-gcc/4.8.3-2014q1/bin/../lib/gcc/arm-none-eabi/4.8.3/../../../../arm-none-eabi/lib/armv6-m\libc_s.a
END GROUP
START GROUP
LOAD c:/program files/sloeber/arduinoplugin/packages/arduino/tools/arm-none-eabi-gcc/4.8.3-2014q1/bin/../lib/gcc/arm-none-eabi/4.8.3/armv6-m\libgcc.a
LOAD c:/program files/sloeber/arduinoplugin/packages/arduino/tools/arm-none-eabi-gcc/4.8.3-2014q1/bin/../lib/gcc/arm-none-eabi/4.8.3/../../../../arm-none-eabi/lib/armv6-m\libc_s.a
LOAD c:/program files/sloeber/arduinoplugin/packages/arduino/tools/arm-none-eabi-gcc/4.8.3-2014q1/bin/../lib/gcc/arm-none-eabi/4.8.3/../../../../arm-none-eabi/lib/armv6-m\libnosys.a
END GROUP
START GROUP
LOAD c:/program files/sloeber/arduinoplugin/packages/arduino/tools/arm-none-eabi-gcc/4.8.3-2014q1/bin/../lib/gcc/arm-none-eabi/4.8.3/armv6-m\libgcc.a
LOAD c:/program files/sloeber/arduinoplugin/packages/arduino/tools/arm-none-eabi-gcc/4.8.3-2014q1/bin/../lib/gcc/arm-none-eabi/4.8.3/../../../../arm-none-eabi/lib/armv6-m\libc_s.a
LOAD c:/program files/sloeber/arduinoplugin/packages/arduino/tools/arm-none-eabi-gcc/4.8.3-2014q1/bin/../lib/gcc/arm-none-eabi/4.8.3/../../../../arm-none-eabi/lib/armv6-m\libnosys.a
END GROUP
LOAD c:/program files/sloeber/arduinoplugin/packages/arduino/tools/arm-none-eabi-gcc/4.8.3-2014q1/bin/../lib/gcc/arm-none-eabi/4.8.3/armv6-m/crtend.o
LOAD c:/program files/sloeber/arduinoplugin/packages/arduino/tools/arm-none-eabi-gcc/4.8.3-2014q1/bin/../lib/gcc/arm-none-eabi/4.8.3/armv6-m/crtn.o

.text           0x00002000     0x6fac
                0x00002000                __text_start__ = .
 *(.sketch_boot)
                0x00002000                . = ALIGN (0x2000)
 *(.isr_vector)
 .isr_vector    0x00002000       0xb4 C:/Users/Emanuele/Documents/sloeber-workspace/reset/Release/arduino.ar(cortex_handlers.c.o)
                0x00002000                exception_table
 *(.text*)
 .text          0x000020b4       0x60 c:/program files/sloeber/arduinoplugin/packages/arduino/tools/arm-none-eabi-gcc/4.8.3-2014q1/bin/../lib/gcc/arm-none-eabi/4.8.3/armv6-m/crtbegin.o
 .text._Z10alarmMatchv
                0x00002114        0x2 .\sloeber.ino.cpp.o
                0x00002114                alarmMatch()
 *fill*         0x00002116        0x2 
 .text.setup    0x00002118      0x108 .\sloeber.ino.cpp.o
                0x00002118                setup
 .text.loop     0x00002220      0x328 .\sloeber.ino.cpp.o
                0x00002220                loop
 .text.startup._GLOBAL__sub_I_rtc
                0x00002548       0x10 .\sloeber.ino.cpp.o
 .text._ZN7RTCZeroC2Ev
                0x00002558        0x6 .\libraries\RTCZero\src\RTCZero.cpp.o
                0x00002558                RTCZero::RTCZero()
                0x00002558                RTCZero::RTCZero()
 *fill*         0x0000255e        0x2 
 .text.RTC_Handler
                0x00002560       0x1c .\libraries\RTCZero\src\RTCZero.cpp.o
                0x00002560                RTC_Handler
 .text._ZN7RTCZero11enableAlarmENS_11Alarm_MatchE
                0x0000257c       0x24 .\libraries\RTCZero\src\RTCZero.cpp.o
                0x0000257c                RTCZero::enableAlarm(RTCZero::Alarm_Match)
 .text._ZN7RTCZero15attachInterruptEPFvvE
                0x000025a0        0xc .\libraries\RTCZero\src\RTCZero.cpp.o
                0x000025a0                RTCZero::attachInterrupt(void (*)())
 .text._ZN7RTCZero11standbyModeEv
                0x000025ac       0x14 .\libraries\RTCZero\src\RTCZero.cpp.o
                0x000025ac                RTCZero::standbyMode()
 .text._ZN7RTCZero15getAlarmMinutesEv
                0x000025c0       0x10 .\libraries\RTCZero\src\RTCZero.cpp.o
                0x000025c0                RTCZero::getAlarmMinutes()
 .text._ZN7RTCZero10setSecondsEh
                0x000025d0       0x24 .\libraries\RTCZero\src\RTCZero.cpp.o
                0x000025d0                RTCZero::setSeconds(unsigned char)
 .text._ZN7RTCZero10setMinutesEh
                0x000025f4       0x28 .\libraries\RTCZero\src\RTCZero.cpp.o
                0x000025f4                RTCZero::setMinutes(unsigned char)
 .text._ZN7RTCZero8setHoursEh
                0x0000261c       0x28 .\libraries\RTCZero\src\RTCZero.cpp.o
                0x0000261c                RTCZero::setHours(unsigned char)
 .text._ZN7RTCZero7setTimeEhhh
                0x00002644       0x26 .\libraries\RTCZero\src\RTCZero.cpp.o
                0x00002644                RTCZero::setTime(unsigned char, unsigned char, unsigned char)
 *fill*         0x0000266a        0x2 
 .text._ZN7RTCZero6setDayEh
                0x0000266c       0x28 .\libraries\RTCZero\src\RTCZero.cpp.o
                0x0000266c                RTCZero::setDay(unsigned char)
 .text._ZN7RTCZero8setMonthEh
                0x00002694       0x28 .\libraries\RTCZero\src\RTCZero.cpp.o
                0x00002694                RTCZero::setMonth(unsigned char)
 .text._ZN7RTCZero7setYearEh
                0x000026bc       0x20 .\libraries\RTCZero\src\RTCZero.cpp.o
                0x000026bc                RTCZero::setYear(unsigned char)
 .text._ZN7RTCZero7setDateEhhh
                0x000026dc       0x24 .\libraries\RTCZero\src\RTCZero.cpp.o
                0x000026dc                RTCZero::setDate(unsigned char, unsigned char, unsigned char)
 .text._ZN7RTCZero15setAlarmMinutesEh
                0x00002700       0x28 .\libraries\RTCZero\src\RTCZero.cpp.o
                0x00002700                RTCZero::setAlarmMinutes(unsigned char)
 .text._ZN7RTCZero14configureClockEv
                0x00002728       0x3c .\libraries\RTCZero\src\RTCZero.cpp.o
                0x00002728                RTCZero::configureClock()
 .text._ZN7RTCZero10RTCdisableEv
                0x00002764       0x18 .\libraries\RTCZero\src\RTCZero.cpp.o
                0x00002764                RTCZero::RTCdisable()
 .text._ZN7RTCZero9RTCenableEv
                0x0000277c       0x18 .\libraries\RTCZero\src\RTCZero.cpp.o
                0x0000277c                RTCZero::RTCenable()
 .text._ZN7RTCZero8RTCresetEv
                0x00002794       0x18 .\libraries\RTCZero\src\RTCZero.cpp.o
                0x00002794                RTCZero::RTCreset()
 .text._ZN7RTCZero14RTCresetRemoveEv
                0x000027ac       0x18 .\libraries\RTCZero\src\RTCZero.cpp.o
                0x000027ac                RTCZero::RTCresetRemove()
 .text._ZN7RTCZero5beginEb
                0x000027c4       0xd0 .\libraries\RTCZero\src\RTCZero.cpp.o
                0x000027c4                RTCZero::begin(bool)
 .text._ZN12WatchdogSAMD5resetEv
                0x00002894       0x14 .\libraries\Adafruit_SleepyDog_Library\utility\WatchdogSAMD.cpp.o
                0x00002894                WatchdogSAMD::reset()
 .text._ZN12WatchdogSAMD7disableEv
                0x000028a8       0x18 .\libraries\Adafruit_SleepyDog_Library\utility\WatchdogSAMD.cpp.o
                0x000028a8                WatchdogSAMD::disable()
 .text.WDT_Handler
                0x000028c0       0x20 .\libraries\Adafruit_SleepyDog_Library\utility\WatchdogSAMD.cpp.o
                0x000028c0                WDT_Handler
 .text._ZN12WatchdogSAMD15_initialize_wdtEv
                0x000028e0       0x58 .\libraries\Adafruit_SleepyDog_Library\utility\WatchdogSAMD.cpp.o
                0x000028e0                WatchdogSAMD::_initialize_wdt()
 .text._ZN12WatchdogSAMD6enableEib
                0x00002938      0x158 .\libraries\Adafruit_SleepyDog_Library\utility\WatchdogSAMD.cpp.o
                0x00002938                WatchdogSAMD::enable(int, bool)
 .text.startup._GLOBAL__sub_I_Watchdog
                0x00002a90        0xc .\libraries\Adafruit_SleepyDog_Library\Adafruit_SleepyDog.cpp.o
 .text._ZN14arduinoLoRaWAN11printAnswerEh
                0x00002a9c       0x7c .\arduinoLoRaWAN\arduinoLoRaWAN.cpp.o
                0x00002a9c                arduinoLoRaWAN::printAnswer(unsigned char)
 .text._ZN14arduinoLoRaWAN5checkEv
                0x00002b18       0xb0 .\arduinoLoRaWAN\arduinoLoRaWAN.cpp.o
                0x00002b18                arduinoLoRaWAN::check()
 .text._ZN14arduinoLoRaWAN2ONEh
                0x00002bc8       0x32 .\arduinoLoRaWAN\arduinoLoRaWAN.cpp.o
                0x00002bc8                arduinoLoRaWAN::ON(unsigned char)
 *fill*         0x00002bfa        0x2 
 .text._ZN14arduinoLoRaWAN15setBatteryLevelEh
                0x00002bfc       0x7c .\arduinoLoRaWAN\arduinoLoRaWAN.cpp.o
                0x00002bfc                arduinoLoRaWAN::setBatteryLevel(unsigned char)
 .text._ZN14arduinoLoRaWAN11setDataRateEh
                0x00002c78       0xa4 .\arduinoLoRaWAN\arduinoLoRaWAN.cpp.o
                0x00002c78                arduinoLoRaWAN::setDataRate(unsigned char)
 .text._ZN14arduinoLoRaWAN8joinOTAAEv
                0x00002d1c       0xd4 .\arduinoLoRaWAN\arduinoLoRaWAN.cpp.o
                0x00002d1c                arduinoLoRaWAN::joinOTAA()
 .text._ZN14arduinoLoRaWAN13sendConfirmedEhPc
                0x00002df0      0x1b0 .\arduinoLoRaWAN\arduinoLoRaWAN.cpp.o
                0x00002df0                arduinoLoRaWAN::sendConfirmed(unsigned char, char*)
 .text._ZN14arduinoLoRaWAN6setADREPc
                0x00002fa0       0xc4 .\arduinoLoRaWAN\arduinoLoRaWAN.cpp.o
                0x00002fa0                arduinoLoRaWAN::setADR(char*)
 .text._ZN14arduinoLoRaWAN10setRetriesEh
                0x00003064       0x80 .\arduinoLoRaWAN\arduinoLoRaWAN.cpp.o
                0x00003064                arduinoLoRaWAN::setRetries(unsigned char)
 .text._ZN14arduinoLoRaWAN5sleepEy
                0x000030e4       0x74 .\arduinoLoRaWAN\arduinoLoRaWAN.cpp.o
                0x000030e4                arduinoLoRaWAN::sleep(unsigned long long)
 .text._ZN14arduinoLoRaWAN6wakeUPEv
                0x00003158       0x58 .\arduinoLoRaWAN\arduinoLoRaWAN.cpp.o
                0x00003158                arduinoLoRaWAN::wakeUP()
 .text.startup._GLOBAL__sub_I__ZN14arduinoLoRaWAN11printAnswerEh
                0x000031b0       0x30 .\arduinoLoRaWAN\arduinoLoRaWAN.cpp.o
 .text._ZN11arduinoUART4findEPhtPc
                0x000031e0       0x3c .\arduino-api\arduinoUART.cpp.o
                0x000031e0                arduinoUART::find(unsigned char*, unsigned short, char*)
 .text.beginSerial
                0x0000321c       0x24 .\arduino-api\arduinoUART.cpp.o
                0x0000321c                beginSerial
 .text._ZN11arduinoUART9beginUARTEv
                0x00003240        0xe .\arduino-api\arduinoUART.cpp.o
                0x00003240                arduinoUART::beginUART()
 *fill*         0x0000324e        0x2 
 .text.serialWrite
                0x00003250       0x24 .\arduino-api\arduinoUART.cpp.o
                0x00003250                serialWrite
 .text.printString
                0x00003274       0x18 .\arduino-api\arduinoUART.cpp.o
                0x00003274                printString
 .text.serialAvailable
                0x0000328c       0x20 .\arduino-api\arduinoUART.cpp.o
                0x0000328c                serialAvailable
 .text.serialRead
                0x000032ac       0x20 .\arduino-api\arduinoUART.cpp.o
                0x000032ac                serialRead
 .text._ZN11arduinoUART7waitForEPcS0_S0_S0_m
                0x000032cc       0xda .\arduino-api\arduinoUART.cpp.o
                0x000032cc                arduinoUART::waitFor(char*, char*, char*, char*, unsigned long)
 .text._ZN11arduinoUART7waitForEPcm
                0x000033a6       0x10 .\arduino-api\arduinoUART.cpp.o
                0x000033a6                arduinoUART::waitFor(char*, unsigned long)
 .text._ZN11arduinoUART7waitForEPcS0_m
                0x000033b6       0x10 .\arduino-api\arduinoUART.cpp.o
                0x000033b6                arduinoUART::waitFor(char*, char*, unsigned long)
 *fill*         0x000033c6        0x2 
 .text.serialFlush
                0x000033c8       0x48 .\arduino-api\arduinoUART.cpp.o
                0x000033c8                serialFlush
 .text._ZN11arduinoUART11sendCommandEPcS0_S0_S0_S0_m
                0x00003410       0xf4 .\arduino-api\arduinoUART.cpp.o
                0x00003410                arduinoUART::sendCommand(char*, char*, char*, char*, char*, unsigned long)
 .text._ZN11arduinoUART11sendCommandEPcS0_S0_m
                0x00003504       0x14 .\arduino-api\arduinoUART.cpp.o
                0x00003504                arduinoUART::sendCommand(char*, char*, char*, unsigned long)
 .text._ZN11arduinoUART11sendCommandEPcS0_S0_S0_m
                0x00003518       0x16 .\arduino-api\arduinoUART.cpp.o
                0x00003518                arduinoUART::sendCommand(char*, char*, char*, char*, unsigned long)
 .text._ZN11arduinoUART11sendCommandEPht
                0x0000352e       0x32 .\arduino-api\arduinoUART.cpp.o
                0x0000352e                arduinoUART::sendCommand(unsigned char*, unsigned short)
 .text._tc_interrupt_handler
                0x00003560       0x5c .\Adafruit_ASFcore\tc_interrupt.c.o
                0x00003560                _tc_interrupt_handler
 .text.TC3_Handler
                0x000035bc        0xa .\Adafruit_ASFcore\tc_interrupt.c.o
                0x000035bc                TC3_Handler
 .text.TC4_Handler
                0x000035c6        0xa .\Adafruit_ASFcore\tc_interrupt.c.o
                0x000035c6                TC4_Handler
 .text.TC5_Handler
                0x000035d0        0xa .\Adafruit_ASFcore\tc_interrupt.c.o
                0x000035d0                TC5_Handler
 *fill*         0x000035da        0x2 
 .text.SERCOM0_Handler
                0x000035dc       0x10 C:/Users/Emanuele/Documents/sloeber-workspace/reset/Release/arduino.ar(variant.cpp.o)
                0x000035dc                SERCOM0_Handler
 .text.SERCOM5_Handler
                0x000035ec       0x10 C:/Users/Emanuele/Documents/sloeber-workspace/reset/Release/arduino.ar(variant.cpp.o)
                0x000035ec                SERCOM5_Handler
 .text.startup._GLOBAL__sub_I_g_APinDescription
                0x000035fc       0x94 C:/Users/Emanuele/Documents/sloeber-workspace/reset/Release/arduino.ar(variant.cpp.o)
 .text._ZN7Serial_17availableForWriteEv
                0x00003690        0x4 C:/Users/Emanuele/Documents/sloeber-workspace/reset/Release/arduino.ar(CDC.cpp.o)
                0x00003690                Serial_::availableForWrite()
 .text._ZN7Serial_5writeEh
                0x00003694       0x14 C:/Users/Emanuele/Documents/sloeber-workspace/reset/Release/arduino.ar(CDC.cpp.o)
                0x00003694                Serial_::write(unsigned char)
 .text._ZN7Serial_9availableEv
                0x000036a8        0xc C:/Users/Emanuele/Documents/sloeber-workspace/reset/Release/arduino.ar(CDC.cpp.o)
                0x000036a8                Serial_::available()
 .text._ZN7Serial_5flushEv
                0x000036b4        0xc C:/Users/Emanuele/Documents/sloeber-workspace/reset/Release/arduino.ar(CDC.cpp.o)
                0x000036b4                Serial_::flush()
 .text._ZN7Serial_5writeEPKhj
                0x000036c0       0x1c C:/Users/Emanuele/Documents/sloeber-workspace/reset/Release/arduino.ar(CDC.cpp.o)
                0x000036c0                Serial_::write(unsigned char const*, unsigned int)
 .text._ZN7Serial_4peekEv
                0x000036dc       0x1c C:/Users/Emanuele/Documents/sloeber-workspace/reset/Release/arduino.ar(CDC.cpp.o)
                0x000036dc                Serial_::peek()
 .text._ZN7Serial_4readEv
                0x000036f8       0x24 C:/Users/Emanuele/Documents/sloeber-workspace/reset/Release/arduino.ar(CDC.cpp.o)
                0x000036f8                Serial_::read()
 .text._Z16CDC_GetInterfacePh
                0x0000371c       0x1c C:/Users/Emanuele/Documents/sloeber-workspace/reset/Release/arduino.ar(CDC.cpp.o)
                0x0000371c                CDC_GetInterface(unsigned char*)
 .text._Z9CDC_SetupR8USBSetup
                0x00003738       0x80 C:/Users/Emanuele/Documents/sloeber-workspace/reset/Release/arduino.ar(CDC.cpp.o)
                0x00003738                CDC_Setup(USBSetup&)
 .text._ZN7Serial_5beginEm
                0x000037b8        0x2 C:/Users/Emanuele/Documents/sloeber-workspace/reset/Release/arduino.ar(CDC.cpp.o)
                0x000037b8                Serial_::begin(unsigned long)
 .text._ZN7Serial_3endEv
                0x000037ba        0x2 C:/Users/Emanuele/Documents/sloeber-workspace/reset/Release/arduino.ar(CDC.cpp.o)
                0x000037ba                Serial_::end()
 .text.startup._GLOBAL__sub_I__Z17_CDC_GetInterfacev
                0x000037bc       0x28 C:/Users/Emanuele/Documents/sloeber-workspace/reset/Release/arduino.ar(CDC.cpp.o)
 .text._ZN14USBDeviceClass6initEPEmm.part.4
                0x000037e4       0x80 C:/Users/Emanuele/Documents/sloeber-workspace/reset/Release/arduino.ar(USBCore.cpp.o)
 .text._ZN20USBDevice_SAMD21G18x5resetEv
                0x00003864       0x28 C:/Users/Emanuele/Documents/sloeber-workspace/reset/Release/arduino.ar(USBCore.cpp.o)
                0x00003864                USBDevice_SAMD21G18x::reset()
 .text._ZN20USBDevice_SAMD21G18x9calibrateEv
                0x0000388c       0x5c C:/Users/Emanuele/Documents/sloeber-workspace/reset/Release/arduino.ar(USBCore.cpp.o)
                0x0000388c                USBDevice_SAMD21G18x::calibrate()
 .text._ZN7__GuardC2Ev
                0x000038e8        0xe C:/Users/Emanuele/Documents/sloeber-workspace/reset/Release/arduino.ar(USBCore.cpp.o)
                0x000038e8                __Guard::__Guard()
                0x000038e8                __Guard::__Guard()
 .text._ZN7__GuardD2Ev
                0x000038f6        0xe C:/Users/Emanuele/Documents/sloeber-workspace/reset/Release/arduino.ar(USBCore.cpp.o)
                0x000038f6                __Guard::~__Guard()
                0x000038f6                __Guard::~__Guard()
 .text._ZNK26DoubleBufferedEPOutHandler9availableEv
                0x00003904       0x5e C:/Users/Emanuele/Documents/sloeber-workspace/reset/Release/arduino.ar(USBCore.cpp.o)
                0x00003904                DoubleBufferedEPOutHandler::available() const
 *fill*         0x00003962        0x2 
 .text._ZN26DoubleBufferedEPOutHandler7releaseEv
                0x00003964       0x58 C:/Users/Emanuele/Documents/sloeber-workspace/reset/Release/arduino.ar(USBCore.cpp.o)
                0x00003964                DoubleBufferedEPOutHandler::release()
 .text._ZN26DoubleBufferedEPOutHandler4recvEPvm
                0x000039bc      0x11c C:/Users/Emanuele/Documents/sloeber-workspace/reset/Release/arduino.ar(USBCore.cpp.o)
                0x000039bc                DoubleBufferedEPOutHandler::recv(void*, unsigned long)
 .text._ZN26DoubleBufferedEPOutHandler14handleEndpointEv
                0x00003ad8       0xc4 C:/Users/Emanuele/Documents/sloeber-workspace/reset/Release/arduino.ar(USBCore.cpp.o)
                0x00003ad8                DoubleBufferedEPOutHandler::handleEndpoint()
 .text._ZN14USBDeviceClass14SendInterfacesEPm
                0x00003b9c       0x2c C:/Users/Emanuele/Documents/sloeber-workspace/reset/Release/arduino.ar(USBCore.cpp.o)
                0x00003b9c                USBDeviceClass::SendInterfaces(unsigned long*)
 .text._ZN14USBDeviceClass14handleEndpointEh
                0x00003bc8       0x40 C:/Users/Emanuele/Documents/sloeber-workspace/reset/Release/arduino.ar(USBCore.cpp.o)
                0x00003bc8                USBDeviceClass::handleEndpoint(unsigned char)
 .text._ZN14USBDeviceClass4initEv
                0x00003c08       0xf0 C:/Users/Emanuele/Documents/sloeber-workspace/reset/Release/arduino.ar(USBCore.cpp.o)
                0x00003c08                USBDeviceClass::init()
 .text._ZN14USBDeviceClass6attachEv
                0x00003cf8       0x34 C:/Users/Emanuele/Documents/sloeber-workspace/reset/Release/arduino.ar(USBCore.cpp.o)
                0x00003cf8                USBDeviceClass::attach()
 .text._ZN14USBDeviceClass10setAddressEm
                0x00003d2c       0x48 C:/Users/Emanuele/Documents/sloeber-workspace/reset/Release/arduino.ar(USBCore.cpp.o)
                0x00003d2c                USBDeviceClass::setAddress(unsigned long)
 .text._ZN14USBDeviceClass6detachEv
                0x00003d74       0x18 C:/Users/Emanuele/Documents/sloeber-workspace/reset/Release/arduino.ar(USBCore.cpp.o)
                0x00003d74                USBDeviceClass::detach()
 .text._ZN14USBDeviceClass25handleClassInterfaceSetupER8USBSetup
                0x00003d8c       0x40 C:/Users/Emanuele/Documents/sloeber-workspace/reset/Release/arduino.ar(USBCore.cpp.o)
                0x00003d8c                USBDeviceClass::handleClassInterfaceSetup(USBSetup&)
 .text._ZN14USBDeviceClass6initEPEmm
                0x00003dcc      0x128 C:/Users/Emanuele/Documents/sloeber-workspace/reset/Release/arduino.ar(USBCore.cpp.o)
                0x00003dcc                USBDeviceClass::initEP(unsigned long, unsigned long)
 .text._ZN14USBDeviceClass13initEndpointsEv
                0x00003ef4       0x24 C:/Users/Emanuele/Documents/sloeber-workspace/reset/Release/arduino.ar(USBCore.cpp.o)
                0x00003ef4                USBDeviceClass::initEndpoints()
 .text._ZN14USBDeviceClass9availableEm
                0x00003f18       0x2c C:/Users/Emanuele/Documents/sloeber-workspace/reset/Release/arduino.ar(USBCore.cpp.o)
                0x00003f18                USBDeviceClass::available(unsigned long)
 .text._ZN14USBDeviceClass5flushEm
                0x00003f44       0x2c C:/Users/Emanuele/Documents/sloeber-workspace/reset/Release/arduino.ar(USBCore.cpp.o)
                0x00003f44                USBDeviceClass::flush(unsigned long)
 .text._ZN14USBDeviceClass14armRecvCtrlOUTEm
                0x00003f70       0x60 C:/Users/Emanuele/Documents/sloeber-workspace/reset/Release/arduino.ar(USBCore.cpp.o)
                0x00003f70                USBDeviceClass::armRecvCtrlOUT(unsigned long)
 .text._ZN14USBDeviceClass11recvControlEPvm
                0x00003fd0       0x3c C:/Users/Emanuele/Documents/sloeber-workspace/reset/Release/arduino.ar(USBCore.cpp.o)
                0x00003fd0                USBDeviceClass::recvControl(void*, unsigned long)
 .text._ZN14USBDeviceClass7armRecvEm
                0x0000400c       0x3c C:/Users/Emanuele/Documents/sloeber-workspace/reset/Release/arduino.ar(USBCore.cpp.o)
                0x0000400c                USBDeviceClass::armRecv(unsigned long)
 .text._ZN14USBDeviceClass4recvEmPvm
                0x00004048       0xd8 C:/Users/Emanuele/Documents/sloeber-workspace/reset/Release/arduino.ar(USBCore.cpp.o)
                0x00004048                USBDeviceClass::recv(unsigned long, void*, unsigned long)
 .text._ZN14USBDeviceClass4recvEm
                0x00004120       0x1c C:/Users/Emanuele/Documents/sloeber-workspace/reset/Release/arduino.ar(USBCore.cpp.o)
                0x00004120                USBDeviceClass::recv(unsigned long)
 .text._ZN14USBDeviceClass4sendEmPKvm
                0x0000413c      0x124 C:/Users/Emanuele/Documents/sloeber-workspace/reset/Release/arduino.ar(USBCore.cpp.o)
                0x0000413c                USBDeviceClass::send(unsigned long, void const*, unsigned long)
 .text._ZN14USBDeviceClass7armSendEmPKvm
                0x00004260       0x48 C:/Users/Emanuele/Documents/sloeber-workspace/reset/Release/arduino.ar(USBCore.cpp.o)
                0x00004260                USBDeviceClass::armSend(unsigned long, void const*, unsigned long)
 .text._ZN14USBDeviceClass11sendControlEPKvm
                0x000042a8       0x58 C:/Users/Emanuele/Documents/sloeber-workspace/reset/Release/arduino.ar(USBCore.cpp.o)
                0x000042a8                USBDeviceClass::sendControl(void const*, unsigned long)
 .text._ZN14USBDeviceClass20sendStringDescriptorEPKhh
                0x00004300       0x68 C:/Users/Emanuele/Documents/sloeber-workspace/reset/Release/arduino.ar(USBCore.cpp.o)
                0x00004300                USBDeviceClass::sendStringDescriptor(unsigned char const*, unsigned char)
 .text._ZN14USBDeviceClass12packMessagesEb.part.6
                0x00004368       0x20 C:/Users/Emanuele/Documents/sloeber-workspace/reset/Release/arduino.ar(USBCore.cpp.o)
 .text._ZN14USBDeviceClass17sendConfigurationEm
                0x00004388       0x90 C:/Users/Emanuele/Documents/sloeber-workspace/reset/Release/arduino.ar(USBCore.cpp.o)
                0x00004388                USBDeviceClass::sendConfiguration(unsigned long)
 .text._ZN14USBDeviceClass14sendDescriptorER8USBSetup
                0x00004418       0xb4 C:/Users/Emanuele/Documents/sloeber-workspace/reset/Release/arduino.ar(USBCore.cpp.o)
                0x00004418                USBDeviceClass::sendDescriptor(USBSetup&)
 .text._ZN14USBDeviceClass19handleStandardSetupER8USBSetup
                0x000044cc      0x118 C:/Users/Emanuele/Documents/sloeber-workspace/reset/Release/arduino.ar(USBCore.cpp.o)
                0x000044cc                USBDeviceClass::handleStandardSetup(USBSetup&)
 .text._ZN14USBDeviceClass10ISRHandlerEv
                0x000045e4      0x150 C:/Users/Emanuele/Documents/sloeber-workspace/reset/Release/arduino.ar(USBCore.cpp.o)
                0x000045e4                USBDeviceClass::ISRHandler()
 .text.UDD_Handler
                0x00004734       0x10 C:/Users/Emanuele/Documents/sloeber-workspace/reset/Release/arduino.ar(USBCore.cpp.o)
                0x00004734                UDD_Handler
 .text.startup._GLOBAL__sub_I__ZN20USBDevice_SAMD21G18x5resetEv
                0x00004744       0x10 C:/Users/Emanuele/Documents/sloeber-workspace/reset/Release/arduino.ar(USBCore.cpp.o)
 .text._ZN5Print5writeEPKhj
                0x00004754       0x28 C:/Users/Emanuele/Documents/sloeber-workspace/reset/Release/arduino.ar(Print.cpp.o)
                0x00004754                Print::write(unsigned char const*, unsigned int)
 .text._ZN5Print5writeEPKc
                0x0000477c       0x1c C:/Users/Emanuele/Documents/sloeber-workspace/reset/Release/arduino.ar(Print.cpp.o)
                0x0000477c                Print::write(char const*)
 .text._ZN5Print7printlnEv
                0x00004798       0x10 C:/Users/Emanuele/Documents/sloeber-workspace/reset/Release/arduino.ar(Print.cpp.o)
                0x00004798                Print::println()
 .text._ZN5Print7printlnEPKc
                0x000047a8       0x14 C:/Users/Emanuele/Documents/sloeber-workspace/reset/Release/arduino.ar(Print.cpp.o)
                0x000047a8                Print::println(char const*)
 .text.initiateReset
                0x000047bc        0xc C:/Users/Emanuele/Documents/sloeber-workspace/reset/Release/arduino.ar(Reset.cpp.o)
                0x000047bc                initiateReset
 .text.cancelReset
                0x000047c8       0x10 C:/Users/Emanuele/Documents/sloeber-workspace/reset/Release/arduino.ar(Reset.cpp.o)
                0x000047c8                cancelReset
 .text.tickReset
                0x000047d8       0x74 C:/Users/Emanuele/Documents/sloeber-workspace/reset/Release/arduino.ar(Reset.cpp.o)
                0x000047d8                tickReset
 .text._ZN6SERCOMC2EP6Sercom
                0x0000484c        0x4 C:/Users/Emanuele/Documents/sloeber-workspace/reset/Release/arduino.ar(SERCOM.cpp.o)
                0x0000484c                SERCOM::SERCOM(Sercom*)
                0x0000484c                SERCOM::SERCOM(Sercom*)
 .text._ZN6SERCOM9initFrameE18SercomUartCharSize15SercomDataOrder16SercomParityMode19SercomNumberStopBit
                0x00004850       0x38 C:/Users/Emanuele/Documents/sloeber-workspace/reset/Release/arduino.ar(SERCOM.cpp.o)
                0x00004850                SERCOM::initFrame(SercomUartCharSize, SercomDataOrder, SercomParityMode, SercomNumberStopBit)
 .text._ZN6SERCOM8initPadsE15SercomUartTXPad11SercomRXPad
                0x00004888       0x26 C:/Users/Emanuele/Documents/sloeber-workspace/reset/Release/arduino.ar(SERCOM.cpp.o)
                0x00004888                SERCOM::initPads(SercomUartTXPad, SercomRXPad)
 .text._ZN6SERCOM9resetUARTEv
                0x000048ae       0x1c C:/Users/Emanuele/Documents/sloeber-workspace/reset/Release/arduino.ar(SERCOM.cpp.o)
                0x000048ae                SERCOM::resetUART()
 .text._ZN6SERCOM10enableUARTEv
                0x000048ca       0x14 C:/Users/Emanuele/Documents/sloeber-workspace/reset/Release/arduino.ar(SERCOM.cpp.o)
                0x000048ca                SERCOM::enableUART()
 .text._ZN6SERCOM9flushUARTEv
                0x000048de       0x10 C:/Users/Emanuele/Documents/sloeber-workspace/reset/Release/arduino.ar(SERCOM.cpp.o)
                0x000048de                SERCOM::flushUART()
 .text._ZN6SERCOM15clearStatusUARTEv
                0x000048ee        0x8 C:/Users/Emanuele/Documents/sloeber-workspace/reset/Release/arduino.ar(SERCOM.cpp.o)
                0x000048ee                SERCOM::clearStatusUART()
 .text._ZN6SERCOM17availableDataUARTEv
                0x000048f6        0xa C:/Users/Emanuele/Documents/sloeber-workspace/reset/Release/arduino.ar(SERCOM.cpp.o)
                0x000048f6                SERCOM::availableDataUART()
 .text._ZN6SERCOM11isUARTErrorEv
                0x00004900        0x8 C:/Users/Emanuele/Documents/sloeber-workspace/reset/Release/arduino.ar(SERCOM.cpp.o)
                0x00004900                SERCOM::isUARTError()
 .text._ZN6SERCOM20acknowledgeUARTErrorEv
                0x00004908        0xe C:/Users/Emanuele/Documents/sloeber-workspace/reset/Release/arduino.ar(SERCOM.cpp.o)
                0x00004908                SERCOM::acknowledgeUARTError()
 .text._ZN6SERCOM12readDataUARTEv
                0x00004916        0x8 C:/Users/Emanuele/Documents/sloeber-workspace/reset/Release/arduino.ar(SERCOM.cpp.o)
                0x00004916                SERCOM::readDataUART()
 .text._ZN6SERCOM13writeDataUARTEh
                0x0000491e        0xe C:/Users/Emanuele/Documents/sloeber-workspace/reset/Release/arduino.ar(SERCOM.cpp.o)
                0x0000491e                SERCOM::writeDataUART(unsigned char)
 .text._ZN6SERCOM13initClockNVICEv
                0x0000492c       0xac C:/Users/Emanuele/Documents/sloeber-workspace/reset/Release/arduino.ar(SERCOM.cpp.o)
                0x0000492c                SERCOM::initClockNVIC()
 .text._ZN6SERCOM8initUARTE14SercomUartMode20SercomUartSampleRatem
                0x000049d8       0x6c C:/Users/Emanuele/Documents/sloeber-workspace/reset/Release/arduino.ar(SERCOM.cpp.o)
                0x000049d8                SERCOM::initUART(SercomUartMode, SercomUartSampleRate, unsigned long)
 .text._ZN4UartcvbEv
                0x00004a44        0x4 C:/Users/Emanuele/Documents/sloeber-workspace/reset/Release/arduino.ar(Uart.cpp.o)
                0x00004a44                Uart::operator bool()
 .text._ZN4Uart5beginEm
                0x00004a48       0x10 C:/Users/Emanuele/Documents/sloeber-workspace/reset/Release/arduino.ar(Uart.cpp.o)
                0x00004a48                Uart::begin(unsigned long)
 .text._ZN4Uart3endEv
                0x00004a58       0x14 C:/Users/Emanuele/Documents/sloeber-workspace/reset/Release/arduino.ar(Uart.cpp.o)
                0x00004a58                Uart::end()
 .text._ZN4Uart5flushEv
                0x00004a6c        0xa C:/Users/Emanuele/Documents/sloeber-workspace/reset/Release/arduino.ar(Uart.cpp.o)
                0x00004a6c                Uart::flush()
 .text._ZN4Uart9availableEv
                0x00004a76        0xa C:/Users/Emanuele/Documents/sloeber-workspace/reset/Release/arduino.ar(Uart.cpp.o)
                0x00004a76                Uart::available()
 .text._ZN4Uart4peekEv
                0x00004a80        0xa C:/Users/Emanuele/Documents/sloeber-workspace/reset/Release/arduino.ar(Uart.cpp.o)
                0x00004a80                Uart::peek()
 .text._ZN4Uart4readEv
                0x00004a8a        0xa C:/Users/Emanuele/Documents/sloeber-workspace/reset/Release/arduino.ar(Uart.cpp.o)
                0x00004a8a                Uart::read()
 .text._ZN4Uart5writeEh
                0x00004a94        0xc C:/Users/Emanuele/Documents/sloeber-workspace/reset/Release/arduino.ar(Uart.cpp.o)
                0x00004a94                Uart::write(unsigned char)
 .text._ZN4UartC2EP6SERCOMhh11SercomRXPad15SercomUartTXPad
                0x00004aa0       0x48 C:/Users/Emanuele/Documents/sloeber-workspace/reset/Release/arduino.ar(Uart.cpp.o)
                0x00004aa0                Uart::Uart(SERCOM*, unsigned char, unsigned char, SercomRXPad, SercomUartTXPad)
                0x00004aa0                Uart::Uart(SERCOM*, unsigned char, unsigned char, SercomRXPad, SercomUartTXPad)
 .text._ZN4Uart10IrqHandlerEv
                0x00004ae8       0x36 C:/Users/Emanuele/Documents/sloeber-workspace/reset/Release/arduino.ar(Uart.cpp.o)
                0x00004ae8                Uart::IrqHandler()
 .text._ZN4Uart16extractNbStopBitEt
                0x00004b1e        0xe C:/Users/Emanuele/Documents/sloeber-workspace/reset/Release/arduino.ar(Uart.cpp.o)
                0x00004b1e                Uart::extractNbStopBit(unsigned short)
 .text._ZN4Uart15extractCharSizeEt
                0x00004b2c       0x2c C:/Users/Emanuele/Documents/sloeber-workspace/reset/Release/arduino.ar(Uart.cpp.o)
                0x00004b2c                Uart::extractCharSize(unsigned short)
 .text._ZN4Uart13extractParityEt
                0x00004b58       0x18 C:/Users/Emanuele/Documents/sloeber-workspace/reset/Release/arduino.ar(Uart.cpp.o)
                0x00004b58                Uart::extractParity(unsigned short)
 .text._ZN4Uart5beginEmt
                0x00004b70       0x88 C:/Users/Emanuele/Documents/sloeber-workspace/reset/Release/arduino.ar(Uart.cpp.o)
                0x00004b70                Uart::begin(unsigned long, unsigned short)
 .text.Dummy_Handler
                0x00004bf8        0x2 C:/Users/Emanuele/Documents/sloeber-workspace/reset/Release/arduino.ar(cortex_handlers.c.o)
                0x00004bf8                DMAC_Handler
                0x00004bf8                HardFault_Handler
                0x00004bf8                AC_Handler
                0x00004bf8                PendSV_Handler
                0x00004bf8                NMI_Handler
                0x00004bf8                TC7_Handler
                0x00004bf8                SERCOM1_Handler
                0x00004bf8                ADC_Handler
                0x00004bf8                TCC1_Handler
                0x00004bf8                SERCOM2_Handler
                0x00004bf8                TCC0_Handler
                0x00004bf8                EIC_Handler
                0x00004bf8                TC6_Handler
                0x00004bf8                Dummy_Handler
                0x00004bf8                PM_Handler
                0x00004bf8                SVC_Handler
                0x00004bf8                TCC2_Handler
                0x00004bf8                EVSYS_Handler
                0x00004bf8                SERCOM3_Handler
                0x00004bf8                SERCOM4_Handler
                0x00004bf8                I2S_Handler
                0x00004bf8                NVMCTRL_Handler
                0x00004bf8                DAC_Handler
                0x00004bf8                PTC_Handler
                0x00004bf8                SYSCTRL_Handler
 *fill*         0x00004bfa        0x2 
 .text.USB_Handler
                0x00004bfc       0x14 C:/Users/Emanuele/Documents/sloeber-workspace/reset/Release/arduino.ar(cortex_handlers.c.o)
                0x00004bfc                USB_Handler
 .text.Reset_Handler
                0x00004c10       0x54 C:/Users/Emanuele/Documents/sloeber-workspace/reset/Release/arduino.ar(cortex_handlers.c.o)
                0x00004c10                Reset_Handler
 .text.SysTick_Handler
                0x00004c64       0x10 C:/Users/Emanuele/Documents/sloeber-workspace/reset/Release/arduino.ar(cortex_handlers.c.o)
                0x00004c64                SysTick_Handler
 .text.USB_SetHandler
                0x00004c74        0xc C:/Users/Emanuele/Documents/sloeber-workspace/reset/Release/arduino.ar(cortex_handlers.c.o)
                0x00004c74                USB_SetHandler
 .text.millis   0x00004c80        0xc C:/Users/Emanuele/Documents/sloeber-workspace/reset/Release/arduino.ar(delay.c.o)
                0x00004c80                millis
 .text.delay    0x00004c8c       0x20 C:/Users/Emanuele/Documents/sloeber-workspace/reset/Release/arduino.ar(delay.c.o)
                0x00004c8c                delay
 .text.SysTick_DefaultHandler
                0x00004cac       0x14 C:/Users/Emanuele/Documents/sloeber-workspace/reset/Release/arduino.ar(delay.c.o)
                0x00004cac                SysTick_DefaultHandler
 .text.__empty  0x00004cc0        0x2 C:/Users/Emanuele/Documents/sloeber-workspace/reset/Release/arduino.ar(hooks.c.o)
                0x00004cc0                yield
 .text.__false  0x00004cc2        0x4 C:/Users/Emanuele/Documents/sloeber-workspace/reset/Release/arduino.ar(hooks.c.o)
                0x00004cc2                sysTickHook
 .text._Z11initVariantv
                0x00004cc6        0x2 C:/Users/Emanuele/Documents/sloeber-workspace/reset/Release/arduino.ar(main.cpp.o)
                0x00004cc6                initVariant()
 .text.startup.main
                0x00004cc8       0x40 C:/Users/Emanuele/Documents/sloeber-workspace/reset/Release/arduino.ar(main.cpp.o)
                0x00004cc8                main
 .text._Znwj    0x00004d08        0x8 C:/Users/Emanuele/Documents/sloeber-workspace/reset/Release/arduino.ar(new.cpp.o)
                0x00004d08                operator new(unsigned int)
 .text.SystemInit
                0x00004d10      0x168 C:/Users/Emanuele/Documents/sloeber-workspace/reset/Release/arduino.ar(startup.c.o)
                0x00004d10                SystemInit
 .text.init     0x00004e78       0xf0 C:/Users/Emanuele/Documents/sloeber-workspace/reset/Release/arduino.ar(wiring.c.o)
                0x00004e78                init
 .text.mapResolution
                0x00004f68       0x12 C:/Users/Emanuele/Documents/sloeber-workspace/reset/Release/arduino.ar(wiring_analog.c.o)
 *fill*         0x00004f7a        0x2 
 .text.analogReadResolution
                0x00004f7c       0x4c C:/Users/Emanuele/Documents/sloeber-workspace/reset/Release/arduino.ar(wiring_analog.c.o)
                0x00004f7c                analogReadResolution
 .text.analogReference
                0x00004fc8       0x5c C:/Users/Emanuele/Documents/sloeber-workspace/reset/Release/arduino.ar(wiring_analog.c.o)
                0x00004fc8                analogReference
 .text.analogRead
                0x00005024       0xe4 C:/Users/Emanuele/Documents/sloeber-workspace/reset/Release/arduino.ar(wiring_analog.c.o)
                0x00005024                analogRead
 .text.pinMode  0x00005108       0xb4 C:/Users/Emanuele/Documents/sloeber-workspace/reset/Release/arduino.ar(wiring_digital.c.o)
                0x00005108                pinMode
 .text.digitalWrite
                0x000051bc       0x60 C:/Users/Emanuele/Documents/sloeber-workspace/reset/Release/arduino.ar(wiring_digital.c.o)
                0x000051bc                digitalWrite
 .text.pinPeripheral
                0x0000521c       0xc4 C:/Users/Emanuele/Documents/sloeber-workspace/reset/Release/arduino.ar(wiring_private.c.o)
                0x0000521c                pinPeripheral
 .text._ZN13PluggableUSB_12getInterfaceEPh
                0x000052e0       0x2a C:/Users/Emanuele/Documents/sloeber-workspace/reset/Release/arduino.ar(PluggableUSB.cpp.o)
                0x000052e0                PluggableUSB_::getInterface(unsigned char*)
 .text._ZN13PluggableUSB_13getDescriptorER8USBSetup
                0x0000530a       0x20 C:/Users/Emanuele/Documents/sloeber-workspace/reset/Release/arduino.ar(PluggableUSB.cpp.o)
                0x0000530a                PluggableUSB_::getDescriptor(USBSetup&)
 .text._ZN13PluggableUSB_12getShortNameEPc
                0x0000532a       0x1e C:/Users/Emanuele/Documents/sloeber-workspace/reset/Release/arduino.ar(PluggableUSB.cpp.o)
                0x0000532a                PluggableUSB_::getShortName(char*)
 .text._ZN13PluggableUSB_5setupER8USBSetup
                0x00005348       0x24 C:/Users/Emanuele/Documents/sloeber-workspace/reset/Release/arduino.ar(PluggableUSB.cpp.o)
                0x00005348                PluggableUSB_::setup(USBSetup&)
 .text._Z12PluggableUSBv
                0x0000536c       0x24 C:/Users/Emanuele/Documents/sloeber-workspace/reset/Release/arduino.ar(PluggableUSB.cpp.o)
                0x0000536c                PluggableUSB()
 .text._ZN10RingBufferC2Ev
                0x00005390       0x1a C:/Users/Emanuele/Documents/sloeber-workspace/reset/Release/arduino.ar(RingBuffer.cpp.o)
                0x00005390                RingBuffer::RingBuffer()
                0x00005390                RingBuffer::RingBuffer()
 .text._ZN10RingBuffer10store_charEh
                0x000053aa       0x24 C:/Users/Emanuele/Documents/sloeber-workspace/reset/Release/arduino.ar(RingBuffer.cpp.o)
                0x000053aa                RingBuffer::store_char(unsigned char)
 .text._ZN10RingBuffer5clearEv
                0x000053ce        0xe C:/Users/Emanuele/Documents/sloeber-workspace/reset/Release/arduino.ar(RingBuffer.cpp.o)
                0x000053ce                RingBuffer::clear()
 .text._ZN10RingBuffer9read_charEv
                0x000053dc       0x28 C:/Users/Emanuele/Documents/sloeber-workspace/reset/Release/arduino.ar(RingBuffer.cpp.o)
                0x000053dc                RingBuffer::read_char()
 .text._ZN10RingBuffer9availableEv
                0x00005404       0x12 C:/Users/Emanuele/Documents/sloeber-workspace/reset/Release/arduino.ar(RingBuffer.cpp.o)
                0x00005404                RingBuffer::available()
 .text._ZN10RingBuffer4peekEv
                0x00005416       0x1a C:/Users/Emanuele/Documents/sloeber-workspace/reset/Release/arduino.ar(RingBuffer.cpp.o)
                0x00005416                RingBuffer::peek()
 .text          0x00005430       0x14 c:/program files/sloeber/arduinoplugin/packages/arduino/tools/arm-none-eabi-gcc/4.8.3-2014q1/bin/../lib/gcc/arm-none-eabi/4.8.3/armv6-m\libgcc.a(_thumb1_case_uqi.o)
                0x00005430                __gnu_thumb1_case_uqi
 .text          0x00005444       0x9c c:/program files/sloeber/arduinoplugin/packages/arduino/tools/arm-none-eabi-gcc/4.8.3-2014q1/bin/../lib/gcc/arm-none-eabi/4.8.3/armv6-m\libgcc.a(_udivsi3.o)
                0x00005444                __aeabi_uidiv
                0x00005444                __udivsi3
                0x000054cc                __aeabi_uidivmod
 .text          0x000054e0       0xc0 c:/program files/sloeber/arduinoplugin/packages/arduino/tools/arm-none-eabi-gcc/4.8.3-2014q1/bin/../lib/gcc/arm-none-eabi/4.8.3/armv6-m\libgcc.a(_divsi3.o)
                0x000054e0                __divsi3
                0x000054e0                __aeabi_idiv
                0x0000558c                __aeabi_idivmod
 .text          0x000055a0        0x4 c:/program files/sloeber/arduinoplugin/packages/arduino/tools/arm-none-eabi-gcc/4.8.3-2014q1/bin/../lib/gcc/arm-none-eabi/4.8.3/armv6-m\libgcc.a(_dvmd_tls.o)
                0x000055a0                __aeabi_idiv0
                0x000055a0                __aeabi_ldiv0
 .text          0x000055a4       0x74 c:/program files/sloeber/arduinoplugin/packages/arduino/tools/arm-none-eabi-gcc/4.8.3-2014q1/bin/../lib/gcc/arm-none-eabi/4.8.3/armv6-m\libgcc.a(_arm_cmpsf2.o)
                0x000055a4                __aeabi_cfrcmple
                0x000055ac                __aeabi_cfcmpeq
                0x000055ac                __aeabi_cfcmple
                0x000055bc                __aeabi_fcmpeq
                0x000055c8                __aeabi_fcmplt
                0x000055dc                __aeabi_fcmple
                0x000055f0                __aeabi_fcmpgt
                0x00005604                __aeabi_fcmpge
 .text          0x00005618       0x30 c:/program files/sloeber/arduinoplugin/packages/arduino/tools/arm-none-eabi-gcc/4.8.3-2014q1/bin/../lib/gcc/arm-none-eabi/4.8.3/armv6-m\libgcc.a(_fixunssfsi.o)
                0x00005618                __fixunssfsi
                0x00005618                __aeabi_f2uiz
 .text          0x00005648      0x24c c:/program files/sloeber/arduinoplugin/packages/arduino/tools/arm-none-eabi-gcc/4.8.3-2014q1/bin/../lib/gcc/arm-none-eabi/4.8.3/armv6-m\libgcc.a(divsf3.o)
                0x00005648                __aeabi_fdiv
 .text          0x00005894       0x54 c:/program files/sloeber/arduinoplugin/packages/arduino/tools/arm-none-eabi-gcc/4.8.3-2014q1/bin/../lib/gcc/arm-none-eabi/4.8.3/armv6-m\libgcc.a(eqsf2.o)
                0x00005894                __eqsf2
                0x00005894                __nesf2
 .text          0x000058e8       0x90 c:/program files/sloeber/arduinoplugin/packages/arduino/tools/arm-none-eabi-gcc/4.8.3-2014q1/bin/../lib/gcc/arm-none-eabi/4.8.3/armv6-m\libgcc.a(gesf2.o)
                0x000058e8                __gesf2
                0x000058e8                __gtsf2
 .text          0x00005978       0x98 c:/program files/sloeber/arduinoplugin/packages/arduino/tools/arm-none-eabi-gcc/4.8.3-2014q1/bin/../lib/gcc/arm-none-eabi/4.8.3/armv6-m\libgcc.a(lesf2.o)
                0x00005978                __ltsf2
                0x00005978                __lesf2
 .text          0x00005a10      0x254 c:/program files/sloeber/arduinoplugin/packages/arduino/tools/arm-none-eabi-gcc/4.8.3-2014q1/bin/../lib/gcc/arm-none-eabi/4.8.3/armv6-m\libgcc.a(mulsf3.o)
                0x00005a10                __aeabi_fmul
 .text          0x00005c64      0x2e0 c:/program files/sloeber/arduinoplugin/packages/arduino/tools/arm-none-eabi-gcc/4.8.3-2014q1/bin/../lib/gcc/arm-none-eabi/4.8.3/armv6-m\libgcc.a(subsf3.o)
                0x00005c64                __aeabi_fsub
 .text          0x00005f44       0x40 c:/program files/sloeber/arduinoplugin/packages/arduino/tools/arm-none-eabi-gcc/4.8.3-2014q1/bin/../lib/gcc/arm-none-eabi/4.8.3/armv6-m\libgcc.a(fixsfsi.o)
                0x00005f44                __aeabi_f2iz
 .text          0x00005f84       0xb8 c:/program files/sloeber/arduinoplugin/packages/arduino/tools/arm-none-eabi-gcc/4.8.3-2014q1/bin/../lib/gcc/arm-none-eabi/4.8.3/armv6-m\libgcc.a(floatsisf.o)
                0x00005f84                __aeabi_i2f
 .text          0x0000603c      0x638 c:/program files/sloeber/arduinoplugin/packages/arduino/tools/arm-none-eabi-gcc/4.8.3-2014q1/bin/../lib/gcc/arm-none-eabi/4.8.3/armv6-m\libgcc.a(adddf3.o)
                0x0000603c                __aeabi_dadd
 .text          0x00006674      0x648 c:/program files/sloeber/arduinoplugin/packages/arduino/tools/arm-none-eabi-gcc/4.8.3-2014q1/bin/../lib/gcc/arm-none-eabi/4.8.3/armv6-m\libgcc.a(divdf3.o)
                0x00006674                __aeabi_ddiv
 .text          0x00006cbc      0x520 c:/program files/sloeber/arduinoplugin/packages/arduino/tools/arm-none-eabi-gcc/4.8.3-2014q1/bin/../lib/gcc/arm-none-eabi/4.8.3/armv6-m\libgcc.a(muldf3.o)
                0x00006cbc                __aeabi_dmul
 .text          0x000071dc       0xa4 c:/program files/sloeber/arduinoplugin/packages/arduino/tools/arm-none-eabi-gcc/4.8.3-2014q1/bin/../lib/gcc/arm-none-eabi/4.8.3/armv6-m\libgcc.a(extendsfdf2.o)
                0x000071dc                __aeabi_f2d
 .text          0x00007280      0x118 c:/program files/sloeber/arduinoplugin/packages/arduino/tools/arm-none-eabi-gcc/4.8.3-2014q1/bin/../lib/gcc/arm-none-eabi/4.8.3/armv6-m\libgcc.a(truncdfsf2.o)
                0x00007280                __aeabi_d2f
 .text          0x00007398       0x3c c:/program files/sloeber/arduinoplugin/packages/arduino/tools/arm-none-eabi-gcc/4.8.3-2014q1/bin/../lib/gcc/arm-none-eabi/4.8.3/armv6-m\libgcc.a(_clzsi2.o)
                0x00007398                __clzsi2
 .text.atoi     0x000073d4        0xc c:/program files/sloeber/arduinoplugin/packages/arduino/tools/arm-none-eabi-gcc/4.8.3-2014q1/bin/../lib/gcc/arm-none-eabi/4.8.3/../../../../arm-none-eabi/lib/armv6-m\libc_s.a(lib_a-atoi.o)
                0x000073d4                atoi
 .text.__libc_init_array
                0x000073e0       0x4c c:/program files/sloeber/arduinoplugin/packages/arduino/tools/arm-none-eabi-gcc/4.8.3-2014q1/bin/../lib/gcc/arm-none-eabi/4.8.3/../../../../arm-none-eabi/lib/armv6-m\libc_s.a(lib_a-init.o)
                0x000073e0                __libc_init_array
 .text.malloc   0x0000742c       0x14 c:/program files/sloeber/arduinoplugin/packages/arduino/tools/arm-none-eabi-gcc/4.8.3-2014q1/bin/../lib/gcc/arm-none-eabi/4.8.3/../../../../arm-none-eabi/lib/armv6-m\libc_s.a(lib_a-malloc.o)
                0x0000742c                malloc
 .text.memcmp   0x00007440       0x1e c:/program files/sloeber/arduinoplugin/packages/arduino/tools/arm-none-eabi-gcc/4.8.3-2014q1/bin/../lib/gcc/arm-none-eabi/4.8.3/../../../../arm-none-eabi/lib/armv6-m\libc_s.a(lib_a-memcmp.o)
                0x00007440                memcmp
 .text.memcpy   0x0000745e       0x12 c:/program files/sloeber/arduinoplugin/packages/arduino/tools/arm-none-eabi-gcc/4.8.3-2014q1/bin/../lib/gcc/arm-none-eabi/4.8.3/../../../../arm-none-eabi/lib/armv6-m\libc_s.a(lib_a-memcpy-stub.o)
                0x0000745e                memcpy
 .text.memset   0x00007470       0x10 c:/program files/sloeber/arduinoplugin/packages/arduino/tools/arm-none-eabi-gcc/4.8.3-2014q1/bin/../lib/gcc/arm-none-eabi/4.8.3/../../../../arm-none-eabi/lib/armv6-m\libc_s.a(lib_a-memset.o)
                0x00007470                memset
 .text._free_r  0x00007480       0x90 c:/program files/sloeber/arduinoplugin/packages/arduino/tools/arm-none-eabi-gcc/4.8.3-2014q1/bin/../lib/gcc/arm-none-eabi/4.8.3/../../../../arm-none-eabi/lib/armv6-m\libc_s.a(lib_a-nano-freer.o)
                0x00007480                _free_r
 .text._malloc_r
                0x00007510       0xa8 c:/program files/sloeber/arduinoplugin/packages/arduino/tools/arm-none-eabi-gcc/4.8.3-2014q1/bin/../lib/gcc/arm-none-eabi/4.8.3/../../../../arm-none-eabi/lib/armv6-m\libc_s.a(lib_a-nano-mallocr.o)
                0x00007510                _malloc_r
 .text._sbrk_r  0x000075b8       0x24 c:/program files/sloeber/arduinoplugin/packages/arduino/tools/arm-none-eabi-gcc/4.8.3-2014q1/bin/../lib/gcc/arm-none-eabi/4.8.3/../../../../arm-none-eabi/lib/armv6-m\libc_s.a(lib_a-sbrkr.o)
                0x000075b8                _sbrk_r
 .text.sprintf  0x000075dc       0x44 c:/program files/sloeber/arduinoplugin/packages/arduino/tools/arm-none-eabi-gcc/4.8.3-2014q1/bin/../lib/gcc/arm-none-eabi/4.8.3/../../../../arm-none-eabi/lib/armv6-m\libc_s.a(lib_a-sprintf.o)
                0x000075dc                siprintf
                0x000075dc                sprintf
 .text.strcat   0x00007620       0x1a c:/program files/sloeber/arduinoplugin/packages/arduino/tools/arm-none-eabi-gcc/4.8.3-2014q1/bin/../lib/gcc/arm-none-eabi/4.8.3/../../../../arm-none-eabi/lib/armv6-m\libc_s.a(lib_a-strcat.o)
                0x00007620                strcat
 .text          0x0000763a       0x14 c:/program files/sloeber/arduinoplugin/packages/arduino/tools/arm-none-eabi-gcc/4.8.3-2014q1/bin/../lib/gcc/arm-none-eabi/4.8.3/../../../../arm-none-eabi/lib/armv6-m\libc_s.a(lib_a-strcmp.o)
                0x0000763a                strcmp
 .text.strcpy   0x0000764e       0x10 c:/program files/sloeber/arduinoplugin/packages/arduino/tools/arm-none-eabi-gcc/4.8.3-2014q1/bin/../lib/gcc/arm-none-eabi/4.8.3/../../../../arm-none-eabi/lib/armv6-m\libc_s.a(lib_a-strcpy.o)
                0x0000764e                strcpy
 .text.strlen   0x0000765e        0xe c:/program files/sloeber/arduinoplugin/packages/arduino/tools/arm-none-eabi-gcc/4.8.3-2014q1/bin/../lib/gcc/arm-none-eabi/4.8.3/../../../../arm-none-eabi/lib/armv6-m\libc_s.a(lib_a-strlen.o)
                0x0000765e                strlen
 .text.strncpy  0x0000766c       0x28 c:/program files/sloeber/arduinoplugin/packages/arduino/tools/arm-none-eabi-gcc/4.8.3-2014q1/bin/../lib/gcc/arm-none-eabi/4.8.3/../../../../arm-none-eabi/lib/armv6-m\libc_s.a(lib_a-strncpy.o)
                0x0000766c                strncpy
 .text.strtok   0x00007694       0x64 c:/program files/sloeber/arduinoplugin/packages/arduino/tools/arm-none-eabi-gcc/4.8.3-2014q1/bin/../lib/gcc/arm-none-eabi/4.8.3/../../../../arm-none-eabi/lib/armv6-m\libc_s.a(lib_a-strtok.o)
                0x00007694                strtok
 .text.__strtok_r
                0x000076f8       0x5c c:/program files/sloeber/arduinoplugin/packages/arduino/tools/arm-none-eabi-gcc/4.8.3-2014q1/bin/../lib/gcc/arm-none-eabi/4.8.3/../../../../arm-none-eabi/lib/armv6-m\libc_s.a(lib_a-strtok_r.o)
                0x000076f8                __strtok_r
 .text._strtol_r
                0x00007754      0x114 c:/program files/sloeber/arduinoplugin/packages/arduino/tools/arm-none-eabi-gcc/4.8.3-2014q1/bin/../lib/gcc/arm-none-eabi/4.8.3/../../../../arm-none-eabi/lib/armv6-m\libc_s.a(lib_a-strtol.o)
                0x00007754                _strtol_r
 .text.strtol   0x00007868       0x1c c:/program files/sloeber/arduinoplugin/packages/arduino/tools/arm-none-eabi-gcc/4.8.3-2014q1/bin/../lib/gcc/arm-none-eabi/4.8.3/../../../../arm-none-eabi/lib/armv6-m\libc_s.a(lib_a-strtol.o)
                0x00007868                strtol
 .text.__ssputs_r
                0x00007884       0xc0 c:/program files/sloeber/arduinoplugin/packages/arduino/tools/arm-none-eabi-gcc/4.8.3-2014q1/bin/../lib/gcc/arm-none-eabi/4.8.3/../../../../arm-none-eabi/lib/armv6-m\libc_s.a(lib_a-svfprintf.o)
                0x00007884                __ssputs_r
 .text._svfprintf_r
                0x00007944      0x1e0 c:/program files/sloeber/arduinoplugin/packages/arduino/tools/arm-none-eabi-gcc/4.8.3-2014q1/bin/../lib/gcc/arm-none-eabi/4.8.3/../../../../arm-none-eabi/lib/armv6-m\libc_s.a(lib_a-svfprintf.o)
                0x00007944                _svfiprintf_r
                0x00007944                _svfprintf_r
 .text._printf_common
                0x00007b24       0xe8 c:/program files/sloeber/arduinoplugin/packages/arduino/tools/arm-none-eabi-gcc/4.8.3-2014q1/bin/../lib/gcc/arm-none-eabi/4.8.3/../../../../arm-none-eabi/lib/armv6-m\libc_s.a(lib_a-vfprintf_i.o)
                0x00007b24                _printf_common
 .text._printf_i
                0x00007c0c      0x22c c:/program files/sloeber/arduinoplugin/packages/arduino/tools/arm-none-eabi-gcc/4.8.3-2014q1/bin/../lib/gcc/arm-none-eabi/4.8.3/../../../../arm-none-eabi/lib/armv6-m\libc_s.a(lib_a-vfprintf_i.o)
                0x00007c0c                _printf_i
 .text.memchr   0x00007e38       0x16 c:/program files/sloeber/arduinoplugin/packages/arduino/tools/arm-none-eabi-gcc/4.8.3-2014q1/bin/../lib/gcc/arm-none-eabi/4.8.3/../../../../arm-none-eabi/lib/armv6-m\libc_s.a(lib_a-memchr-stub.o)
                0x00007e38                memchr
 .text.memmove  0x00007e4e       0x32 c:/program files/sloeber/arduinoplugin/packages/arduino/tools/arm-none-eabi-gcc/4.8.3-2014q1/bin/../lib/gcc/arm-none-eabi/4.8.3/../../../../arm-none-eabi/lib/armv6-m\libc_s.a(lib_a-memmove.o)
                0x00007e4e                memmove
 .text._realloc_r
                0x00007e80       0x4c c:/program files/sloeber/arduinoplugin/packages/arduino/tools/arm-none-eabi-gcc/4.8.3-2014q1/bin/../lib/gcc/arm-none-eabi/4.8.3/../../../../arm-none-eabi/lib/armv6-m\libc_s.a(lib_a-nano-reallocr.o)
                0x00007e80                _realloc_r
 .text._malloc_usable_size_r
                0x00007ecc       0x12 c:/program files/sloeber/arduinoplugin/packages/arduino/tools/arm-none-eabi-gcc/4.8.3-2014q1/bin/../lib/gcc/arm-none-eabi/4.8.3/../../../../arm-none-eabi/lib/armv6-m\libc_s.a(lib_a-nano-msizer.o)
                0x00007ecc                _malloc_usable_size_r
 *fill*         0x00007ede        0x2 
 .text._sbrk    0x00007ee0       0x34 c:/program files/sloeber/arduinoplugin/packages/arduino/tools/arm-none-eabi-gcc/4.8.3-2014q1/bin/../lib/gcc/arm-none-eabi/4.8.3/../../../../arm-none-eabi/lib/armv6-m\libnosys.a(sbrk.o)
                0x00007ee0                _sbrk
 *(.init)
 .init          0x00007f14        0x4 c:/program files/sloeber/arduinoplugin/packages/arduino/tools/arm-none-eabi-gcc/4.8.3-2014q1/bin/../lib/gcc/arm-none-eabi/4.8.3/armv6-m/crti.o
                0x00007f14                _init
 .init          0x00007f18        0x8 c:/program files/sloeber/arduinoplugin/packages/arduino/tools/arm-none-eabi-gcc/4.8.3-2014q1/bin/../lib/gcc/arm-none-eabi/4.8.3/armv6-m/crtn.o
 *(.fini)
 .fini          0x00007f20        0x4 c:/program files/sloeber/arduinoplugin/packages/arduino/tools/arm-none-eabi-gcc/4.8.3-2014q1/bin/../lib/gcc/arm-none-eabi/4.8.3/armv6-m/crti.o
                0x00007f20                _fini
 .fini          0x00007f24        0x8 c:/program files/sloeber/arduinoplugin/packages/arduino/tools/arm-none-eabi-gcc/4.8.3-2014q1/bin/../lib/gcc/arm-none-eabi/4.8.3/armv6-m/crtn.o
 *crtbegin.o(.ctors)
 *crtbegin?.o(.ctors)
 *(EXCLUDE_FILE(*crtend.o *crtend?.o) .ctors)
 *(SORT(.ctors.*))
 *(.ctors)
 *crtbegin.o(.dtors)
 *crtbegin?.o(.dtors)
 *(EXCLUDE_FILE(*crtend.o *crtend?.o) .dtors)
 *(SORT(.dtors.*))
 *(.dtors)
 *(.rodata*)
 .rodata.str1.1
                0x00007f2c        0xf .\sloeber.ino.cpp.o
 .rodata._ZL10command_10
                0x00007f3b        0xd .\arduinoLoRaWAN\arduinoLoRaWAN.cpp.o
 .rodata._ZL10command_11
                0x00007f48       0x15 .\arduinoLoRaWAN\arduinoLoRaWAN.cpp.o
 .rodata._ZL10command_12
                0x00007f5d       0x14 .\arduinoLoRaWAN\arduinoLoRaWAN.cpp.o
 .rodata._ZL10command_13
                0x00007f71       0x14 .\arduinoLoRaWAN\arduinoLoRaWAN.cpp.o
 .rodata._ZL10command_14
                0x00007f85       0x15 .\arduinoLoRaWAN\arduinoLoRaWAN.cpp.o
 .rodata._ZL10command_15
                0x00007f9a       0x15 .\arduinoLoRaWAN\arduinoLoRaWAN.cpp.o
 .rodata._ZL10command_16
                0x00007faf       0x14 .\arduinoLoRaWAN\arduinoLoRaWAN.cpp.o
 .rodata._ZL10command_17
                0x00007fc3       0x14 .\arduinoLoRaWAN\arduinoLoRaWAN.cpp.o
 .rodata._ZL10command_18
                0x00007fd7       0x10 .\arduinoLoRaWAN\arduinoLoRaWAN.cpp.o
 .rodata._ZL10command_19
                0x00007fe7       0x11 .\arduinoLoRaWAN\arduinoLoRaWAN.cpp.o
 .rodata._ZL10command_50
                0x00007ff8       0x14 .\arduinoLoRaWAN\arduinoLoRaWAN.cpp.o
 .rodata._ZL10command_51
                0x0000800c       0x15 .\arduinoLoRaWAN\arduinoLoRaWAN.cpp.o
 .rodata._ZL10command_52
                0x00008021       0x13 .\arduinoLoRaWAN\arduinoLoRaWAN.cpp.o
 .rodata._ZL10command_53
                0x00008034       0x12 .\arduinoLoRaWAN\arduinoLoRaWAN.cpp.o
 .rodata._ZL10command_54
                0x00008046       0x14 .\arduinoLoRaWAN\arduinoLoRaWAN.cpp.o
 .rodata._ZL10command_55
                0x0000805a       0x12 .\arduinoLoRaWAN\arduinoLoRaWAN.cpp.o
 .rodata._ZL10command_56
                0x0000806c       0x10 .\arduinoLoRaWAN\arduinoLoRaWAN.cpp.o
 .rodata._ZL10command_57
                0x0000807c       0x11 .\arduinoLoRaWAN\arduinoLoRaWAN.cpp.o
 .rodata._ZL10command_58
                0x0000808d       0x10 .\arduinoLoRaWAN\arduinoLoRaWAN.cpp.o
 .rodata._ZL10command_59
                0x0000809d        0xf .\arduinoLoRaWAN\arduinoLoRaWAN.cpp.o
 .rodata._ZL9answer_10
                0x000080ac        0x4 .\arduinoLoRaWAN\arduinoLoRaWAN.cpp.o
 .rodata._ZL9answer_11
                0x000080b0        0xb .\arduinoLoRaWAN\arduinoLoRaWAN.cpp.o
 .rodata._ZL9answer_12
                0x000080bb        0xa .\arduinoLoRaWAN\arduinoLoRaWAN.cpp.o
 .rodata._ZL9answer_13
                0x000080c5        0x3 .\arduinoLoRaWAN\arduinoLoRaWAN.cpp.o
 .rodata._ZL9answer_14
                0x000080c8        0xb .\arduinoLoRaWAN\arduinoLoRaWAN.cpp.o
 .rodata._ZL9answer_15
                0x000080d3        0x8 .\arduinoLoRaWAN\arduinoLoRaWAN.cpp.o
 .rodata._ZL9answer_16
                0x000080db       0x11 .\arduinoLoRaWAN\arduinoLoRaWAN.cpp.o
 .rodata._ZL9answer_17
                0x000080ec        0xe .\arduinoLoRaWAN\arduinoLoRaWAN.cpp.o
 .rodata._ZL9answer_18
                0x000080fa        0xb .\arduinoLoRaWAN\arduinoLoRaWAN.cpp.o
 .rodata._ZL9answer_19
                0x00008105        0x7 .\arduinoLoRaWAN\arduinoLoRaWAN.cpp.o
 .rodata._ZL10command_20
                0x0000810c       0x19 .\arduinoLoRaWAN\arduinoLoRaWAN.cpp.o
 .rodata._ZL10command_21
                0x00008125       0x1a .\arduinoLoRaWAN\arduinoLoRaWAN.cpp.o
 .rodata._ZL10command_22
                0x0000813f       0x1e .\arduinoLoRaWAN\arduinoLoRaWAN.cpp.o
 .rodata._ZL10command_23
                0x0000815d       0x1a .\arduinoLoRaWAN\arduinoLoRaWAN.cpp.o
 .rodata._ZL10command_24
                0x00008177       0x12 .\arduinoLoRaWAN\arduinoLoRaWAN.cpp.o
 .rodata._ZL10command_25
                0x00008189       0x11 .\arduinoLoRaWAN\arduinoLoRaWAN.cpp.o
 .rodata._ZL10command_26
                0x0000819a       0x11 .\arduinoLoRaWAN\arduinoLoRaWAN.cpp.o
 .rodata._ZL10command_27
                0x000081ab        0xd .\arduinoLoRaWAN\arduinoLoRaWAN.cpp.o
 .rodata._ZL10command_28
                0x000081b8        0xf .\arduinoLoRaWAN\arduinoLoRaWAN.cpp.o
 .rodata._ZL10command_29
                0x000081c7       0x11 .\arduinoLoRaWAN\arduinoLoRaWAN.cpp.o
 .rodata._ZL9answer_22
                0x000081d8        0x3 .\arduinoLoRaWAN\arduinoLoRaWAN.cpp.o
 .rodata._ZL10command_60
                0x000081db       0x11 .\arduinoLoRaWAN\arduinoLoRaWAN.cpp.o
 .rodata._ZL10command_61
                0x000081ec       0x14 .\arduinoLoRaWAN\arduinoLoRaWAN.cpp.o
 .rodata._ZL10command_62
                0x00008200        0xf .\arduinoLoRaWAN\arduinoLoRaWAN.cpp.o
 .rodata._ZL10command_63
                0x0000820f       0x10 .\arduinoLoRaWAN\arduinoLoRaWAN.cpp.o
 .rodata._ZL10command_64
                0x0000821f        0xf .\arduinoLoRaWAN\arduinoLoRaWAN.cpp.o
 .rodata._ZL10command_65
                0x0000822e       0x10 .\arduinoLoRaWAN\arduinoLoRaWAN.cpp.o
 .rodata._ZL10command_66
                0x0000823e       0x10 .\arduinoLoRaWAN\arduinoLoRaWAN.cpp.o
 .rodata._ZL10command_67
                0x0000824e       0x12 .\arduinoLoRaWAN\arduinoLoRaWAN.cpp.o
 .rodata._ZL10command_68
                0x00008260        0xe .\arduinoLoRaWAN\arduinoLoRaWAN.cpp.o
 .rodata._ZL10command_69
                0x0000826e       0x12 .\arduinoLoRaWAN\arduinoLoRaWAN.cpp.o
 .rodata._ZL9answer_20
                0x00008280        0x7 .\arduinoLoRaWAN\arduinoLoRaWAN.cpp.o
 .rodata._ZL9answer_21
                0x00008287        0xe .\arduinoLoRaWAN\arduinoLoRaWAN.cpp.o
 .rodata._ZL10command_30
                0x00008295        0xe .\arduinoLoRaWAN\arduinoLoRaWAN.cpp.o
 .rodata._ZL10command_31
                0x000082a3       0x13 .\arduinoLoRaWAN\arduinoLoRaWAN.cpp.o
 .rodata._ZL10command_32
                0x000082b6        0xf .\arduinoLoRaWAN\arduinoLoRaWAN.cpp.o
 .rodata._ZL10command_33
                0x000082c5        0xf .\arduinoLoRaWAN\arduinoLoRaWAN.cpp.o
 .rodata._ZL10command_34
                0x000082d4       0x11 .\arduinoLoRaWAN\arduinoLoRaWAN.cpp.o
 .rodata._ZL10command_35
                0x000082e5       0x15 .\arduinoLoRaWAN\arduinoLoRaWAN.cpp.o
 .rodata._ZL10command_36
                0x000082fa       0x17 .\arduinoLoRaWAN\arduinoLoRaWAN.cpp.o
 .rodata._ZL10command_37
                0x00008311       0x18 .\arduinoLoRaWAN\arduinoLoRaWAN.cpp.o
 .rodata._ZL10command_38
                0x00008329       0x17 .\arduinoLoRaWAN\arduinoLoRaWAN.cpp.o
 .rodata._ZL10command_39
                0x00008340        0xd .\arduinoLoRaWAN\arduinoLoRaWAN.cpp.o
 .rodata.str1.1
                0x0000834d       0xe0 .\arduinoLoRaWAN\arduinoLoRaWAN.cpp.o
                                 0xe7 (size before relaxing)
 .rodata._ZL10command_70
                0x0000842d        0xf .\arduinoLoRaWAN\arduinoLoRaWAN.cpp.o
 .rodata._ZL10command_71
                0x0000843c       0x11 .\arduinoLoRaWAN\arduinoLoRaWAN.cpp.o
 .rodata._ZL10command_72
                0x0000844d       0x14 .\arduinoLoRaWAN\arduinoLoRaWAN.cpp.o
 .rodata._ZL10command_73
                0x00008461       0x10 .\arduinoLoRaWAN\arduinoLoRaWAN.cpp.o
 .rodata._ZL10command_74
                0x00008471       0x14 .\arduinoLoRaWAN\arduinoLoRaWAN.cpp.o
 .rodata._ZL10command_75
                0x00008485       0x10 .\arduinoLoRaWAN\arduinoLoRaWAN.cpp.o
 .rodata._ZL10command_76
                0x00008495       0x10 .\arduinoLoRaWAN\arduinoLoRaWAN.cpp.o
 .rodata._ZL10command_77
                0x000084a5       0x15 .\arduinoLoRaWAN\arduinoLoRaWAN.cpp.o
 .rodata._ZL10command_78
                0x000084ba       0x15 .\arduinoLoRaWAN\arduinoLoRaWAN.cpp.o
 .rodata._ZL10command_79
                0x000084cf       0x16 .\arduinoLoRaWAN\arduinoLoRaWAN.cpp.o
 *fill*         0x000084e5        0x3 
 .rodata._ZL21table_LoRaWAN_ANSWERS
                0x000084e8       0x5c .\arduinoLoRaWAN\arduinoLoRaWAN.cpp.o
 .rodata._ZL10command_00
                0x00008544        0xc .\arduinoLoRaWAN\arduinoLoRaWAN.cpp.o
 .rodata._ZL10command_01
                0x00008550       0x13 .\arduinoLoRaWAN\arduinoLoRaWAN.cpp.o
 .rodata._ZL10command_02
                0x00008563       0x10 .\arduinoLoRaWAN\arduinoLoRaWAN.cpp.o
 .rodata._ZL10command_03
                0x00008573        0xe .\arduinoLoRaWAN\arduinoLoRaWAN.cpp.o
 .rodata._ZL10command_04
                0x00008581        0xf .\arduinoLoRaWAN\arduinoLoRaWAN.cpp.o
 .rodata._ZL10command_05
                0x00008590       0x13 .\arduinoLoRaWAN\arduinoLoRaWAN.cpp.o
 .rodata._ZL10command_06
                0x000085a3       0x15 .\arduinoLoRaWAN\arduinoLoRaWAN.cpp.o
 .rodata._ZL10command_07
                0x000085b8        0xf .\arduinoLoRaWAN\arduinoLoRaWAN.cpp.o
 .rodata._ZL10command_08
                0x000085c7        0xb .\arduinoLoRaWAN\arduinoLoRaWAN.cpp.o
 .rodata._ZL10command_09
                0x000085d2        0xc .\arduinoLoRaWAN\arduinoLoRaWAN.cpp.o
 .rodata._ZL10command_40
                0x000085de        0xe .\arduinoLoRaWAN\arduinoLoRaWAN.cpp.o
 .rodata._ZL10command_41
                0x000085ec        0xe .\arduinoLoRaWAN\arduinoLoRaWAN.cpp.o
 .rodata._ZL10command_42
                0x000085fa        0xf .\arduinoLoRaWAN\arduinoLoRaWAN.cpp.o
 .rodata._ZL10command_43
                0x00008609       0x13 .\arduinoLoRaWAN\arduinoLoRaWAN.cpp.o
 .rodata._ZL10command_44
                0x0000861c       0x15 .\arduinoLoRaWAN\arduinoLoRaWAN.cpp.o
 .rodata._ZL10command_45
                0x00008631       0x13 .\arduinoLoRaWAN\arduinoLoRaWAN.cpp.o
 .rodata._ZL10command_46
                0x00008644       0x12 .\arduinoLoRaWAN\arduinoLoRaWAN.cpp.o
 .rodata._ZL10command_47
                0x00008656       0x14 .\arduinoLoRaWAN\arduinoLoRaWAN.cpp.o
 .rodata._ZL10command_48
                0x0000866a       0x17 .\arduinoLoRaWAN\arduinoLoRaWAN.cpp.o
 .rodata._ZL10command_49
                0x00008681       0x17 .\arduinoLoRaWAN\arduinoLoRaWAN.cpp.o
 .rodata._ZL10command_80
                0x00008698        0xc .\arduinoLoRaWAN\arduinoLoRaWAN.cpp.o
 .rodata._ZL10command_81
                0x000086a4       0x10 .\arduinoLoRaWAN\arduinoLoRaWAN.cpp.o
 .rodata._ZL10command_82
                0x000086b4       0x11 .\arduinoLoRaWAN\arduinoLoRaWAN.cpp.o
 .rodata._ZL9answer_07
                0x000086c5        0xb .\arduinoLoRaWAN\arduinoLoRaWAN.cpp.o
 .rodata._ZL9answer_00
                0x000086d0        0x3 .\arduinoLoRaWAN\arduinoLoRaWAN.cpp.o
 .rodata._ZL9answer_01
                0x000086d3        0xe .\arduinoLoRaWAN\arduinoLoRaWAN.cpp.o
 .rodata._ZL9answer_02
                0x000086e1        0xb .\arduinoLoRaWAN\arduinoLoRaWAN.cpp.o
 .rodata._ZL9answer_03
                0x000086ec        0x7 .\arduinoLoRaWAN\arduinoLoRaWAN.cpp.o
 .rodata._ZL9answer_04
                0x000086f3        0xc .\arduinoLoRaWAN\arduinoLoRaWAN.cpp.o
 .rodata._ZL9answer_05
                0x000086ff        0x7 .\arduinoLoRaWAN\arduinoLoRaWAN.cpp.o
 .rodata._ZL9answer_06
                0x00008706        0x9 .\arduinoLoRaWAN\arduinoLoRaWAN.cpp.o
 *fill*         0x0000870f        0x1 
 .rodata._ZL22table_LoRaWAN_COMMANDS
                0x00008710      0x14c .\arduinoLoRaWAN\arduinoLoRaWAN.cpp.o
 .rodata._ZL9answer_08
                0x0000885c        0xa .\arduinoLoRaWAN\arduinoLoRaWAN.cpp.o
 .rodata._ZL9answer_09
                0x00008866        0x3 .\arduinoLoRaWAN\arduinoLoRaWAN.cpp.o
 *fill*         0x00008869        0x3 
 .rodata.g_APinDescription
                0x0000886c      0x450 C:/Users/Emanuele/Documents/sloeber-workspace/reset/Release/arduino.ar(variant.cpp.o)
                0x0000886c                g_APinDescription
 *fill*         0x00008cbc        0x4 
 .rodata._ZTV7Serial_
                0x00008cc0       0x28 C:/Users/Emanuele/Documents/sloeber-workspace/reset/Release/arduino.ar(CDC.cpp.o)
                0x00008cc0                vtable for Serial_
 .rodata._ZTV26DoubleBufferedEPOutHandler
                0x00008ce8       0x18 C:/Users/Emanuele/Documents/sloeber-workspace/reset/Release/arduino.ar(USBCore.cpp.o)
                0x00008ce8                vtable for DoubleBufferedEPOutHandler
 .rodata._ZL19STRING_MANUFACTURER
                0x00008d00        0x9 C:/Users/Emanuele/Documents/sloeber-workspace/reset/Release/arduino.ar(USBCore.cpp.o)
 *fill*         0x00008d09        0x1 
 .rodata._ZL15STRING_LANGUAGE
                0x00008d0a        0x4 C:/Users/Emanuele/Documents/sloeber-workspace/reset/Release/arduino.ar(USBCore.cpp.o)
 .rodata._ZL21USB_DeviceDescriptorB
                0x00008d0e       0x12 C:/Users/Emanuele/Documents/sloeber-workspace/reset/Release/arduino.ar(USBCore.cpp.o)
 .rodata._ZL14STRING_PRODUCT
                0x00008d20        0xb C:/Users/Emanuele/Documents/sloeber-workspace/reset/Release/arduino.ar(USBCore.cpp.o)
 .rodata.str1.1
                0x00008d2b        0xe C:/Users/Emanuele/Documents/sloeber-workspace/reset/Release/arduino.ar(Print.cpp.o)
                                 0x11 (size before relaxing)
 *fill*         0x00008d39        0x7 
 .rodata._ZTV4Uart
                0x00008d40       0x30 C:/Users/Emanuele/Documents/sloeber-workspace/reset/Release/arduino.ar(Uart.cpp.o)
                0x00008d40                vtable for Uart
 .rodata        0x00008d70       0x40 c:/program files/sloeber/arduinoplugin/packages/arduino/tools/arm-none-eabi-gcc/4.8.3-2014q1/bin/../lib/gcc/arm-none-eabi/4.8.3/armv6-m\libgcc.a(divsf3.o)
 .rodata        0x00008db0       0x40 c:/program files/sloeber/arduinoplugin/packages/arduino/tools/arm-none-eabi-gcc/4.8.3-2014q1/bin/../lib/gcc/arm-none-eabi/4.8.3/armv6-m\libgcc.a(mulsf3.o)
 .rodata        0x00008df0       0x40 c:/program files/sloeber/arduinoplugin/packages/arduino/tools/arm-none-eabi-gcc/4.8.3-2014q1/bin/../lib/gcc/arm-none-eabi/4.8.3/armv6-m\libgcc.a(divdf3.o)
 .rodata        0x00008e30       0x40 c:/program files/sloeber/arduinoplugin/packages/arduino/tools/arm-none-eabi-gcc/4.8.3-2014q1/bin/../lib/gcc/arm-none-eabi/4.8.3/armv6-m\libgcc.a(muldf3.o)
 .rodata.str1.1
                0x00008e70        0x2 c:/program files/sloeber/arduinoplugin/packages/arduino/tools/arm-none-eabi-gcc/4.8.3-2014q1/bin/../lib/gcc/arm-none-eabi/4.8.3/../../../../arm-none-eabi/lib/armv6-m\libc_s.a(lib_a-impure.o)
 .rodata.str1.1
                0x00008e72       0x11 c:/program files/sloeber/arduinoplugin/packages/arduino/tools/arm-none-eabi-gcc/4.8.3-2014q1/bin/../lib/gcc/arm-none-eabi/4.8.3/../../../../arm-none-eabi/lib/armv6-m\libc_s.a(lib_a-svfprintf.o)
 .rodata.str1.1
                0x00008e83       0x22 c:/program files/sloeber/arduinoplugin/packages/arduino/tools/arm-none-eabi-gcc/4.8.3-2014q1/bin/../lib/gcc/arm-none-eabi/4.8.3/../../../../arm-none-eabi/lib/armv6-m\libc_s.a(lib_a-vfprintf_i.o)
 .rodata._ctype_
                0x00008ea5      0x101 c:/program files/sloeber/arduinoplugin/packages/arduino/tools/arm-none-eabi-gcc/4.8.3-2014q1/bin/../lib/gcc/arm-none-eabi/4.8.3/../../../../arm-none-eabi/lib/armv6-m\libc_s.a(lib_a-ctype_.o)
                0x00008ea5                _ctype_
 *(.eh_frame*)
 *fill*         0x00008fa6        0x2 
 .eh_frame      0x00008fa8        0x0 c:/program files/sloeber/arduinoplugin/packages/arduino/tools/arm-none-eabi-gcc/4.8.3-2014q1/bin/../lib/gcc/arm-none-eabi/4.8.3/armv6-m/crtbegin.o
 .eh_frame      0x00008fa8        0x4 c:/program files/sloeber/arduinoplugin/packages/arduino/tools/arm-none-eabi-gcc/4.8.3-2014q1/bin/../lib/gcc/arm-none-eabi/4.8.3/armv6-m/crtend.o

.glue_7         0x00008fac        0x0
 .glue_7        0x00000000        0x0 linker stubs

.glue_7t        0x00008fac        0x0
 .glue_7t       0x00000000        0x0 linker stubs

.vfp11_veneer   0x00008fac        0x0
 .vfp11_veneer  0x00000000        0x0 linker stubs

.v4_bx          0x00008fac        0x0
 .v4_bx         0x00000000        0x0 linker stubs

.iplt           0x00008fac        0x0
 .iplt          0x00000000        0x0 c:/program files/sloeber/arduinoplugin/packages/arduino/tools/arm-none-eabi-gcc/4.8.3-2014q1/bin/../lib/gcc/arm-none-eabi/4.8.3/armv6-m/crtbegin.o

.rel.dyn        0x00008fac        0x0
 .rel.iplt      0x00000000        0x0 c:/program files/sloeber/arduinoplugin/packages/arduino/tools/arm-none-eabi-gcc/4.8.3-2014q1/bin/../lib/gcc/arm-none-eabi/4.8.3/armv6-m/crtbegin.o

.ARM.extab
 *(.ARM.extab* .gnu.linkonce.armextab.*)
                0x00008fac                __exidx_start = .

.ARM.exidx
 *(.ARM.exidx* .gnu.linkonce.armexidx.*)
                0x00008fac                __exidx_end = .
                0x00008fac                __etext = .

.data           0x20000000      0x130 load address 0x00008fac
                0x20000000                __data_start__ = .
 *(vtable)
 *(.data*)
 .data.data     0x20000000        0x7 .\sloeber.ino.cpp.o
                0x20000000                data
 .data.uart     0x20000007        0x1 .\sloeber.ino.cpp.o
                0x20000007                uart
 .data.port     0x20000008        0x1 .\sloeber.ino.cpp.o
                0x20000008                port
 *fill*         0x20000009        0x3 
 .data._ZL12_usbLineInfo
                0x2000000c        0x8 C:/Users/Emanuele/Documents/sloeber-workspace/reset/Release/arduino.ar(CDC.cpp.o)
 .data._ZL10breakValue
                0x20000014        0x4 C:/Users/Emanuele/Documents/sloeber-workspace/reset/Release/arduino.ar(CDC.cpp.o)
 .data._ZL13_cdcInterface
                0x20000018       0x42 C:/Users/Emanuele/Documents/sloeber-workspace/reset/Release/arduino.ar(CDC.cpp.o)
 *fill*         0x2000005a        0x2 
 .data._serialPeek
                0x2000005c        0x4 C:/Users/Emanuele/Documents/sloeber-workspace/reset/Release/arduino.ar(CDC.cpp.o)
                0x2000005c                _serialPeek
 .data.EndPoints
                0x20000060       0x28 C:/Users/Emanuele/Documents/sloeber-workspace/reset/Release/arduino.ar(USBCore.cpp.o)
                0x20000060                EndPoints
 .data._ZL5ticks
                0x20000088        0x4 C:/Users/Emanuele/Documents/sloeber-workspace/reset/Release/arduino.ar(Reset.cpp.o)
 .data.SystemCoreClock
                0x2000008c        0x4 C:/Users/Emanuele/Documents/sloeber-workspace/reset/Release/arduino.ar(wiring.c.o)
                0x2000008c                SystemCoreClock
 .data._ADCResolution
                0x20000090        0x4 C:/Users/Emanuele/Documents/sloeber-workspace/reset/Release/arduino.ar(wiring_analog.c.o)
 .data._readResolution
                0x20000094        0x4 C:/Users/Emanuele/Documents/sloeber-workspace/reset/Release/arduino.ar(wiring_analog.c.o)
 .data.impure_data
                0x20000098       0x60 c:/program files/sloeber/arduinoplugin/packages/arduino/tools/arm-none-eabi-gcc/4.8.3-2014q1/bin/../lib/gcc/arm-none-eabi/4.8.3/../../../../arm-none-eabi/lib/armv6-m\libc_s.a(lib_a-impure.o)
 .data._impure_ptr
                0x200000f8        0x4 c:/program files/sloeber/arduinoplugin/packages/arduino/tools/arm-none-eabi-gcc/4.8.3-2014q1/bin/../lib/gcc/arm-none-eabi/4.8.3/../../../../arm-none-eabi/lib/armv6-m\libc_s.a(lib_a-impure.o)
                0x200000f8                _impure_ptr
 .data.__ctype_ptr__
                0x200000fc        0x4 c:/program files/sloeber/arduinoplugin/packages/arduino/tools/arm-none-eabi-gcc/4.8.3-2014q1/bin/../lib/gcc/arm-none-eabi/4.8.3/../../../../arm-none-eabi/lib/armv6-m\libc_s.a(lib_a-ctype_.o)
                0x200000fc                __ctype_ptr__
                0x20000100                . = ALIGN (0x4)
                0x20000100                PROVIDE (__preinit_array_start, .)
 *(.preinit_array)
                0x20000100                PROVIDE (__preinit_array_end, .)
                0x20000100                . = ALIGN (0x4)
                0x20000100                PROVIDE (__init_array_start, .)
 *(SORT(.init_array.*))
 *(.init_array)
 .init_array    0x20000100        0x4 c:/program files/sloeber/arduinoplugin/packages/arduino/tools/arm-none-eabi-gcc/4.8.3-2014q1/bin/../lib/gcc/arm-none-eabi/4.8.3/armv6-m/crtbegin.o
 .init_array    0x20000104        0x4 .\sloeber.ino.cpp.o
 .init_array    0x20000108        0x4 .\libraries\Adafruit_SleepyDog_Library\Adafruit_SleepyDog.cpp.o
 .init_array    0x2000010c        0x4 .\arduinoLoRaWAN\arduinoLoRaWAN.cpp.o
 .init_array    0x20000110        0x4 C:/Users/Emanuele/Documents/sloeber-workspace/reset/Release/arduino.ar(variant.cpp.o)
 .init_array    0x20000114        0x4 C:/Users/Emanuele/Documents/sloeber-workspace/reset/Release/arduino.ar(CDC.cpp.o)
 .init_array    0x20000118        0x4 C:/Users/Emanuele/Documents/sloeber-workspace/reset/Release/arduino.ar(USBCore.cpp.o)
                0x2000011c                PROVIDE (__init_array_end, .)
                0x2000011c                . = ALIGN (0x4)
                0x2000011c                PROVIDE (__fini_array_start, .)
 *(SORT(.fini_array.*))
 *(.fini_array)
 .fini_array    0x2000011c        0x4 c:/program files/sloeber/arduinoplugin/packages/arduino/tools/arm-none-eabi-gcc/4.8.3-2014q1/bin/../lib/gcc/arm-none-eabi/4.8.3/armv6-m/crtbegin.o
                0x20000120                PROVIDE (__fini_array_end, .)
 *(.jcr*)
 .jcr           0x20000120        0x0 c:/program files/sloeber/arduinoplugin/packages/arduino/tools/arm-none-eabi-gcc/4.8.3-2014q1/bin/../lib/gcc/arm-none-eabi/4.8.3/armv6-m/crtbegin.o
 .jcr           0x20000120        0x4 c:/program files/sloeber/arduinoplugin/packages/arduino/tools/arm-none-eabi-gcc/4.8.3-2014q1/bin/../lib/gcc/arm-none-eabi/4.8.3/armv6-m/crtend.o
                0x20000130                . = ALIGN (0x10)
 *fill*         0x20000124        0xc 
                0x20000130                __data_end__ = .

.igot.plt       0x20000130        0x0 load address 0x000090dc
 .igot.plt      0x00000000        0x0 c:/program files/sloeber/arduinoplugin/packages/arduino/tools/arm-none-eabi-gcc/4.8.3-2014q1/bin/../lib/gcc/arm-none-eabi/4.8.3/armv6-m/crtbegin.o

.bss            0x20000130      0xc08 load address 0x000090dc
                0x20000130                . = ALIGN (0x4)
                0x20000130                __bss_start__ = .
 *(.bss*)
 .bss           0x20000130       0x1c c:/program files/sloeber/arduinoplugin/packages/arduino/tools/arm-none-eabi-gcc/4.8.3-2014q1/bin/../lib/gcc/arm-none-eabi/4.8.3/armv6-m/crtbegin.o
 .bss._deviceState
                0x2000014c        0x1 .\sloeber.ino.cpp.o
                0x2000014c                _deviceState
 .bss.rtc       0x2000014d        0x1 .\sloeber.ino.cpp.o
                0x2000014d                rtc
 *fill*         0x2000014e        0x2 
 .bss.err_tx    0x20000150        0x4 .\sloeber.ino.cpp.o
                0x20000150                err_tx
 .bss.error     0x20000154        0x1 .\sloeber.ino.cpp.o
                0x20000154                error
 *fill*         0x20000155        0x3 
 .bss.RTC_callBack
                0x20000158        0x4 .\libraries\RTCZero\src\RTCZero.cpp.o
                0x20000158                RTC_callBack
 .bss.Watchdog  0x2000015c        0x1 .\libraries\Adafruit_SleepyDog_Library\Adafruit_SleepyDog.cpp.o
                0x2000015c                Watchdog
 *fill*         0x2000015d        0x3 
 .bss.LoRaWAN   0x20000160      0x42c .\arduinoLoRaWAN\arduinoLoRaWAN.cpp.o
                0x20000160                LoRaWAN
 .bss.Serial1   0x2000058c       0xc4 C:/Users/Emanuele/Documents/sloeber-workspace/reset/Release/arduino.ar(variant.cpp.o)
                0x2000058c                Serial1
 .bss.Serial5   0x20000650       0xc4 C:/Users/Emanuele/Documents/sloeber-workspace/reset/Release/arduino.ar(variant.cpp.o)
                0x20000650                Serial5
 .bss.sercom3   0x20000714        0x4 C:/Users/Emanuele/Documents/sloeber-workspace/reset/Release/arduino.ar(variant.cpp.o)
                0x20000714                sercom3
 .bss.sercom0   0x20000718        0x4 C:/Users/Emanuele/Documents/sloeber-workspace/reset/Release/arduino.ar(variant.cpp.o)
                0x20000718                sercom0
 .bss.sercom1   0x2000071c        0x4 C:/Users/Emanuele/Documents/sloeber-workspace/reset/Release/arduino.ar(variant.cpp.o)
                0x2000071c                sercom1
 .bss.sercom2   0x20000720        0x4 C:/Users/Emanuele/Documents/sloeber-workspace/reset/Release/arduino.ar(variant.cpp.o)
                0x20000720                sercom2
 .bss.sercom4   0x20000724        0x4 C:/Users/Emanuele/Documents/sloeber-workspace/reset/Release/arduino.ar(variant.cpp.o)
                0x20000724                sercom4
 .bss.sercom5   0x20000728        0x4 C:/Users/Emanuele/Documents/sloeber-workspace/reset/Release/arduino.ar(variant.cpp.o)
                0x20000728                sercom5
 .bss.Serial    0x2000072c       0x1c C:/Users/Emanuele/Documents/sloeber-workspace/reset/Release/arduino.ar(CDC.cpp.o)
                0x2000072c                Serial
 .bss._ZL14isEndpointHalt
                0x20000748        0x1 C:/Users/Emanuele/Documents/sloeber-workspace/reset/Release/arduino.ar(USBCore.cpp.o)
 .bss._pack_buffer
                0x20000749      0x100 C:/Users/Emanuele/Documents/sloeber-workspace/reset/Release/arduino.ar(USBCore.cpp.o)
                0x20000749                _pack_buffer
 *fill*         0x20000849        0x1 
 .bss._pack_size
                0x2000084a        0x2 C:/Users/Emanuele/Documents/sloeber-workspace/reset/Release/arduino.ar(USBCore.cpp.o)
                0x2000084a                _pack_size
 .bss._ZL20LastTransmitTimedOut
                0x2000084c        0x7 C:/Users/Emanuele/Documents/sloeber-workspace/reset/Release/arduino.ar(USBCore.cpp.o)
 *fill*         0x20000853        0x1 
 .bss._ZL22udd_ep_in_cache_buffer
                0x20000854      0x1c0 C:/Users/Emanuele/Documents/sloeber-workspace/reset/Release/arduino.ar(USBCore.cpp.o)
 .bss._ZL10txLEDPulse
                0x20000a14        0x1 C:/Users/Emanuele/Documents/sloeber-workspace/reset/Release/arduino.ar(USBCore.cpp.o)
 *fill*         0x20000a15        0x3 
 .bss._ZL23udd_ep_out_cache_buffer
                0x20000a18      0x1c0 C:/Users/Emanuele/Documents/sloeber-workspace/reset/Release/arduino.ar(USBCore.cpp.o)
 .bss._ZL10epHandlers
                0x20000bd8       0x1c C:/Users/Emanuele/Documents/sloeber-workspace/reset/Release/arduino.ar(USBCore.cpp.o)
 .bss._pack_message
                0x20000bf4        0x1 C:/Users/Emanuele/Documents/sloeber-workspace/reset/Release/arduino.ar(USBCore.cpp.o)
                0x20000bf4                _pack_message
 .bss._ZL21isRemoteWakeUpEnabled
                0x20000bf5        0x1 C:/Users/Emanuele/Documents/sloeber-workspace/reset/Release/arduino.ar(USBCore.cpp.o)
 .bss._dry_run  0x20000bf6        0x1 C:/Users/Emanuele/Documents/sloeber-workspace/reset/Release/arduino.ar(USBCore.cpp.o)
                0x20000bf6                _dry_run
 .bss.USBDevice
                0x20000bf7        0x1 C:/Users/Emanuele/Documents/sloeber-workspace/reset/Release/arduino.ar(USBCore.cpp.o)
                0x20000bf7                USBDevice
 .bss._usbSetInterface
                0x20000bf8        0x4 C:/Users/Emanuele/Documents/sloeber-workspace/reset/Release/arduino.ar(USBCore.cpp.o)
                0x20000bf8                _usbSetInterface
 .bss._ZL10rxLEDPulse
                0x20000bfc        0x1 C:/Users/Emanuele/Documents/sloeber-workspace/reset/Release/arduino.ar(USBCore.cpp.o)
 *fill*         0x20000bfd        0x3 
 .bss.usbd      0x20000c00      0x104 C:/Users/Emanuele/Documents/sloeber-workspace/reset/Release/arduino.ar(USBCore.cpp.o)
                0x20000c00                usbd
 .bss._usbConfiguration
                0x20000d04        0x4 C:/Users/Emanuele/Documents/sloeber-workspace/reset/Release/arduino.ar(USBCore.cpp.o)
                0x20000d04                _usbConfiguration
 .bss.usb_isr   0x20000d08        0x4 C:/Users/Emanuele/Documents/sloeber-workspace/reset/Release/arduino.ar(cortex_handlers.c.o)
 .bss._ulTickCount
                0x20000d0c        0x4 C:/Users/Emanuele/Documents/sloeber-workspace/reset/Release/arduino.ar(delay.c.o)
 .bss._ZZ12PluggableUSBvE3obj
                0x20000d10        0x8 C:/Users/Emanuele/Documents/sloeber-workspace/reset/Release/arduino.ar(PluggableUSB.cpp.o)
 .bss._ZGVZ12PluggableUSBvE3obj
                0x20000d18        0x4 C:/Users/Emanuele/Documents/sloeber-workspace/reset/Release/arduino.ar(PluggableUSB.cpp.o)
 .bss.__malloc_sbrk_start
                0x20000d1c        0x4 c:/program files/sloeber/arduinoplugin/packages/arduino/tools/arm-none-eabi-gcc/4.8.3-2014q1/bin/../lib/gcc/arm-none-eabi/4.8.3/../../../../arm-none-eabi/lib/armv6-m\libc_s.a(lib_a-nano-mallocr.o)
                0x20000d1c                __malloc_sbrk_start
 .bss.__malloc_free_list
                0x20000d20        0x4 c:/program files/sloeber/arduinoplugin/packages/arduino/tools/arm-none-eabi-gcc/4.8.3-2014q1/bin/../lib/gcc/arm-none-eabi/4.8.3/../../../../arm-none-eabi/lib/armv6-m\libc_s.a(lib_a-nano-mallocr.o)
                0x20000d20                __malloc_free_list
 .bss.heap_end.4243
                0x20000d24        0x4 c:/program files/sloeber/arduinoplugin/packages/arduino/tools/arm-none-eabi-gcc/4.8.3-2014q1/bin/../lib/gcc/arm-none-eabi/4.8.3/../../../../arm-none-eabi/lib/armv6-m\libnosys.a(sbrk.o)
 *(COMMON)
 COMMON         0x20000d28        0xc .\Adafruit_ASFcore\tc_interrupt.c.o
                0x20000d28                _tc_instances
 COMMON         0x20000d34        0x4 c:/program files/sloeber/arduinoplugin/packages/arduino/tools/arm-none-eabi-gcc/4.8.3-2014q1/bin/../lib/gcc/arm-none-eabi/4.8.3/../../../../arm-none-eabi/lib/armv6-m\libc_s.a(lib_a-reent.o)
                0x20000d34                errno
                0x20000d38                . = ALIGN (0x4)
                0x20000d38                __bss_end__ = .

.heap           0x20000d38        0x0
                0x20000d38                __end__ = .
                0x20000d38                PROVIDE (end, .)
 *(.heap*)
                0x20000d38                __HeapLimit = .

.stack_dummy    0x20000d38        0x0
 *(.stack*)
                0x20008000                __StackTop = (ORIGIN (RAM) + 0x8000)
                0x20008000                __StackLimit = (__StackTop - SIZEOF (.stack_dummy))
                0x20008000                PROVIDE (__stack, __StackTop)
                0x20007fff                __ram_end__ = ((ORIGIN (RAM) + 0x8000) - 0x1)
                0x00000001                ASSERT ((__StackLimit >= __HeapLimit), region RAM overflowed with stack)
OUTPUT(C:/Users/Emanuele/Documents/sloeber-workspace/reset/Release/reset.elf elf32-littlearm)

.ARM.attributes
                0x00000000       0x28
 .ARM.attributes
                0x00000000       0x1e c:/program files/sloeber/arduinoplugin/packages/arduino/tools/arm-none-eabi-gcc/4.8.3-2014q1/bin/../lib/gcc/arm-none-eabi/4.8.3/armv6-m/crti.o
 .ARM.attributes
                0x0000001e       0x2c c:/program files/sloeber/arduinoplugin/packages/arduino/tools/arm-none-eabi-gcc/4.8.3-2014q1/bin/../lib/gcc/arm-none-eabi/4.8.3/armv6-m/crtbegin.o
 .ARM.attributes
                0x0000004a       0x32 .\sloeber.ino.cpp.o
 .ARM.attributes
                0x0000007c       0x32 .\libraries\RTCZero\src\RTCZero.cpp.o
 .ARM.attributes
                0x000000ae       0x32 .\libraries\Adafruit_SleepyDog_Library\utility\WatchdogSAMD.cpp.o
 .ARM.attributes
                0x000000e0       0x32 .\libraries\Adafruit_SleepyDog_Library\Adafruit_SleepyDog.cpp.o
 .ARM.attributes
                0x00000112       0x32 .\arduinoLoRaWAN\arduinoLoRaWAN.cpp.o
 .ARM.attributes
                0x00000144       0x32 .\arduino-api\arduinoUART.cpp.o
 .ARM.attributes
                0x00000176       0x32 .\Adafruit_ASFcore\tc_interrupt.c.o
 .ARM.attributes
                0x000001a8       0x32 C:/Users/Emanuele/Documents/sloeber-workspace/reset/Release/arduino.ar(variant.cpp.o)
 .ARM.attributes
                0x000001da       0x32 C:/Users/Emanuele/Documents/sloeber-workspace/reset/Release/arduino.ar(CDC.cpp.o)
 .ARM.attributes
                0x0000020c       0x32 C:/Users/Emanuele/Documents/sloeber-workspace/reset/Release/arduino.ar(USBCore.cpp.o)
 .ARM.attributes
                0x0000023e       0x32 C:/Users/Emanuele/Documents/sloeber-workspace/reset/Release/arduino.ar(Print.cpp.o)
 .ARM.attributes
                0x00000270       0x32 C:/Users/Emanuele/Documents/sloeber-workspace/reset/Release/arduino.ar(Reset.cpp.o)
 .ARM.attributes
                0x000002a2       0x32 C:/Users/Emanuele/Documents/sloeber-workspace/reset/Release/arduino.ar(SERCOM.cpp.o)
 .ARM.attributes
                0x000002d4       0x32 C:/Users/Emanuele/Documents/sloeber-workspace/reset/Release/arduino.ar(Uart.cpp.o)
 .ARM.attributes
                0x00000306       0x32 C:/Users/Emanuele/Documents/sloeber-workspace/reset/Release/arduino.ar(cortex_handlers.c.o)
 .ARM.attributes
                0x00000338       0x32 C:/Users/Emanuele/Documents/sloeber-workspace/reset/Release/arduino.ar(delay.c.o)
 .ARM.attributes
                0x0000036a       0x32 C:/Users/Emanuele/Documents/sloeber-workspace/reset/Release/arduino.ar(hooks.c.o)
 .ARM.attributes
                0x0000039c       0x32 C:/Users/Emanuele/Documents/sloeber-workspace/reset/Release/arduino.ar(main.cpp.o)
 .ARM.attributes
                0x000003ce       0x32 C:/Users/Emanuele/Documents/sloeber-workspace/reset/Release/arduino.ar(new.cpp.o)
 .ARM.attributes
                0x00000400       0x32 C:/Users/Emanuele/Documents/sloeber-workspace/reset/Release/arduino.ar(startup.c.o)
 .ARM.attributes
                0x00000432       0x32 C:/Users/Emanuele/Documents/sloeber-workspace/reset/Release/arduino.ar(wiring.c.o)
 .ARM.attributes
                0x00000464       0x32 C:/Users/Emanuele/Documents/sloeber-workspace/reset/Release/arduino.ar(wiring_analog.c.o)
 .ARM.attributes
                0x00000496       0x32 C:/Users/Emanuele/Documents/sloeber-workspace/reset/Release/arduino.ar(wiring_digital.c.o)
 .ARM.attributes
                0x000004c8       0x32 C:/Users/Emanuele/Documents/sloeber-workspace/reset/Release/arduino.ar(wiring_private.c.o)
 .ARM.attributes
                0x000004fa       0x32 C:/Users/Emanuele/Documents/sloeber-workspace/reset/Release/arduino.ar(PluggableUSB.cpp.o)
 .ARM.attributes
                0x0000052c       0x32 C:/Users/Emanuele/Documents/sloeber-workspace/reset/Release/arduino.ar(RingBuffer.cpp.o)
 .ARM.attributes